**********************
PowerShell transcript start
Start time: 20260910235234
Username: WILLSURFACE\willc
RunAs User: WILLSURFACE\willc
Configuration Name: 
Machine: WILLSURFACE (Microsoft Windows NT 10.0.26200.0)
Host Application: C:\Program Files\PowerShell\7\pwsh.dll -noexit -command try { . "c:\Users\willc\AppData\Local\Programs\Microsoft VS Code\a44adf7f53\resources\app\out\vs\workbench\contrib\terminal\common\scripts\shellIntegration.ps1" } catch {}
Process ID: 5132
PSVersion: 7.6.5
PSEdition: Core
GitCommitId: 7.6.5
OS: Microsoft Windows 10.0.26200
Platform: Win32NT
PSCompatibleVersions: 1.0, 2.0, 3.0, 4.0, 5.0, 5.1, 6.0, 7.0
PSRemotingProtocolVersion: 2.4
SerializationVersion: 1.1.0.1
WSManStackVersion: 3.0
**********************












A.12.11 Asset Library indexing + lazy preview applied successfully.
Exact-byte backup: C:\Users\willc\projects\MyWay\v1\.myway-patch-backups\asset-library-a12-11-20260910-235234
Search now reuses a cached browser index, background queues are off the search critical path, and GLBs load only after explicit selection.
**********************
PowerShell transcript end
End time: 20260910235356
**********************
