**********************
PowerShell transcript start
Start time: 20260912203835
Username: WILLSURFACE\willc
RunAs User: WILLSURFACE\willc
Configuration Name: 
Machine: WILLSURFACE (Microsoft Windows NT 10.0.26200.0)
Host Application: C:\Program Files\PowerShell\7\pwsh.dll -noexit -command try { . "c:\Users\willc\AppData\Local\Programs\Microsoft VS Code\645f29cc31\resources\app\out\vs\workbench\contrib\terminal\common\scripts\shellIntegration.ps1" } catch {}
Process ID: 21068
PSVersion: 7.6.5
PSEdition: Core
GitCommitId: 7.6.5
OS: Microsoft Windows 10.0.26200
Platform: Win32NT
PSCompatibleVersions: 1.0, 2.0, 3.0, 4.0, 5.0, 5.1, 6.0, 7.0
PSRemotingProtocolVersion: 2.4
SerializationVersion: 1.1.0.1
WSManStackVersion: 3.0
**********************
PREFLIGHT 0: exact post-A.12.13 semantic baseline matched (CRLF/LF and trailing-newline count canonicalized only).
Verifying patch payload hashes...
Creating exact-byte rollback backups...
Applying A.12.14 source payload...
Running TypeScript verification...

Running A.12.14 visual-thumbnail verifier...

Running A.12.13 thumbnail/click regression verifier...

Running A.12.12 catalog virtualization regression verifier...

Running A.12.7 Asset Library scale regression verifier...

Checking Blender Python syntax without writing pyc files...

Running production build...

PREFLIGHT 10: A.12.14 BodyParts3D thumbnail visual-QA patch is already applied.

SUCCESS: A.12.14 BodyParts3D thumbnail visual QA is installed.
No anatomy thumbnail audit or regeneration was run by the installer.
**********************
PowerShell transcript end
End time: 20260912203935
**********************
