**********************
PowerShell transcript start
Start time: 20260909174432
Username: WILLSURFACE\willc
RunAs User: WILLSURFACE\willc
Configuration Name: 
Machine: WILLSURFACE (Microsoft Windows NT 10.0.26200.0)
Host Application: C:\Program Files\PowerShell\7\pwsh.dll -noexit -command try { . "c:\Users\willc\AppData\Local\Programs\Microsoft VS Code\a44adf7f53\resources\app\out\vs\workbench\contrib\terminal\common\scripts\shellIntegration.ps1" } catch {}
Process ID: 16792
PSVersion: 7.6.5
PSEdition: Core
GitCommitId: 7.6.5
OS: Microsoft Windows 10.0.26200
Platform: Win32NT
PSCompatibleVersions: 1.0, 2.0, 3.0, 4.0, 5.0, 5.1, 6.0, 7.0
PSRemotingProtocolVersion: 2.4
SerializationVersion: 1.1.0.1
WSManStackVersion: 3.0
**********************









A.12.6 BodyParts3D restart recovery applied successfully.
Restart pnpm dev if needed, refresh Asset Library, then follow the BodyParts3D recovery notice: Resume if the old session survived, or re-select the same ZIP if it did not.
Already registered anatomy assets remain preserved in Needs Review; Omni Vision and embeddings remain OFF.
**********************
PowerShell transcript end
End time: 20260909174522
**********************
