**********************
PowerShell transcript start
Start time: 20260827232331
Username: WILLSURFACE\willc
RunAs User: WILLSURFACE\willc
Configuration Name: 
Machine: WILLSURFACE (Microsoft Windows NT 10.0.26200.0)
Host Application: C:\Program Files\PowerShell\7\pwsh.dll -noexit -command try { . "c:\Users\willc\AppData\Local\Programs\Microsoft VS Code\110a328ea5\resources\app\out\vs\workbench\contrib\terminal\common\scripts\shellIntegration.ps1" } catch {}
Process ID: 15228
PSVersion: 7.6.5
PSEdition: Core
GitCommitId: 7.6.5
OS: Microsoft Windows 10.0.26200
Platform: Win32NT
PSCompatibleVersions: 1.0, 2.0, 3.0, 4.0, 5.0, 5.1, 6.0, 7.0
PSRemotingProtocolVersion: 2.4
SerializationVersion: 1.1.0.1
WSManStackVersion: 3.0
**********************
Transcript started, output file is C:\Users\willc\projects\MyWay\v1\.myway-patch-logs\myway_director_detail_relationship_cleanup_phase1b7a11a22_v1-install-20260827-232330.log

=== MyWay A.11A.22 — Detail & relationship framing cleanup + honest proof ===

Invoking transactional installer...
Patch payload SHA-256 verification passed.

Transactional backups created: C:\Users\willc\projects\MyWay\v1\.myway-patch-backups\myway_director_detail_relationship_cleanup_phase1b7a11a22_v1-20260827-232331
Patch payload copied.


>>> pnpm exec tsx scripts/sandbox/verify-director-detail-relationship-cleanup-phase1b7a11a22.ts

PASS: pnpm exec tsx scripts/sandbox/verify-director-detail-relationship-cleanup-phase1b7a11a22.ts

>>> pnpm exec tsx scripts/sandbox/verify-director-detail-relationship-framing-phase1b7a11a21.ts

PASS: pnpm exec tsx scripts/sandbox/verify-director-detail-relationship-framing-phase1b7a11a21.ts

>>> pnpm exec tsx scripts/sandbox/verify-director-detail-relationship-framing-build-hotfix-phase1b7a11a21h2.ts

PASS: pnpm exec tsx scripts/sandbox/verify-director-detail-relationship-framing-build-hotfix-phase1b7a11a21h2.ts

>>> pnpm exec tsx scripts/sandbox/verify-director-special-viewpoints-object-attached-phase1b7a11a19.ts

PASS: pnpm exec tsx scripts/sandbox/verify-director-special-viewpoints-object-attached-phase1b7a11a19.ts

>>> pnpm exec tsx scripts/sandbox/verify-director-camera-fidelity-phase1b.ts

PASS: pnpm exec tsx scripts/sandbox/verify-director-camera-fidelity-phase1b.ts

>>> pnpm exec tsx scripts/sandbox/verify-director-qualification-campaign-phase1b7a11a.ts

PASS: pnpm exec tsx scripts/sandbox/verify-director-qualification-campaign-phase1b7a11a.ts

>>> pnpm exec tsx scripts/sandbox/verify-director-qualification-room-phase1b7a.ts

PASS: pnpm exec tsx scripts/sandbox/verify-director-qualification-room-phase1b7a.ts

>>> pnpm exec tsx scripts/sandbox/verify-director-support-containment-earned-boundaries-phase1b7a11a11.ts

PASS: pnpm exec tsx scripts/sandbox/verify-director-support-containment-earned-boundaries-phase1b7a11a11.ts

>>> pnpm exec tsx scripts/sandbox/verify-director-support-containment-small-inside-framing-phase1b7a11a18.ts

PASS: pnpm exec tsx scripts/sandbox/verify-director-support-containment-small-inside-framing-phase1b7a11a18.ts

>>> pnpm exec tsc --noEmit

PASS: pnpm exec tsc --noEmit

>>> pnpm build

PASS: pnpm build

A.11A.22 Detail & relationship framing cleanup installed successfully.
Frozen taxonomy: 184 capabilities. Active qualification: 181. Deferred: inside_object, macro, cutaway.

Outer wrapper completed successfully.
**********************
PowerShell transcript end
End time: 20260827232458
**********************
