**********************
PowerShell transcript start
Start time: 20260827224933
Username: WILLSURFACE\willc
RunAs User: WILLSURFACE\willc
Configuration Name: 
Machine: WILLSURFACE (Microsoft Windows NT 10.0.26200.0)
Host Application: C:\Program Files\PowerShell\7\pwsh.dll -noexit -command try { . "c:\Users\willc\AppData\Local\Programs\Microsoft VS Code\110a328ea5\resources\app\out\vs\workbench\contrib\terminal\common\scripts\shellIntegration.ps1" } catch {}
Process ID: 17244
PSVersion: 7.6.5
PSEdition: Core
GitCommitId: 7.6.5
OS: Microsoft Windows 10.0.26200
Platform: Win32NT
PSCompatibleVersions: 1.0, 2.0, 3.0, 4.0, 5.0, 5.1, 6.0, 7.0
PSRemotingProtocolVersion: 2.4
SerializationVersion: 1.1.0.1
WSManStackVersion: 3.0
**********************
Transcript started, output file is C:\Users\willc\projects\MyWay\v1\.myway-patch-logs\myway_director_detail_relationship_framing_phase1b7a11a21_v1_3-install-20260827-224933.log

=== MyWay A.11A.21 v1.3 — Detail & relationship framing qualification truth ===

Invoking transactional installer...
Patch payload SHA-256 verification passed.

Transactional backups created: C:\Users\willc\projects\MyWay\v1\.myway-patch-backups\myway_director_detail_relationship_framing_phase1b7a11a21_v1_3-20260827-224934
Patch payload copied.


>>> pnpm exec tsx scripts/sandbox/verify-director-detail-relationship-framing-phase1b7a11a21.ts

PASS: pnpm exec tsx scripts/sandbox/verify-director-detail-relationship-framing-phase1b7a11a21.ts

>>> pnpm exec tsx scripts/sandbox/verify-director-camera-fidelity-phase1b.ts

PASS: pnpm exec tsx scripts/sandbox/verify-director-camera-fidelity-phase1b.ts

>>> pnpm exec tsx scripts/sandbox/verify-director-qualification-campaign-phase1b7a11a.ts

PASS: pnpm exec tsx scripts/sandbox/verify-director-qualification-campaign-phase1b7a11a.ts

>>> pnpm exec tsx scripts/sandbox/verify-director-qualification-room-phase1b7a.ts

PASS: pnpm exec tsx scripts/sandbox/verify-director-qualification-room-phase1b7a.ts

>>> pnpm exec tsx scripts/sandbox/verify-director-support-containment-earned-boundaries-phase1b7a11a11.ts

PASS: pnpm exec tsx scripts/sandbox/verify-director-support-containment-earned-boundaries-phase1b7a11a11.ts

>>> pnpm exec tsx scripts/sandbox/verify-director-support-containment-small-inside-framing-phase1b7a11a18.ts

PASS: pnpm exec tsx scripts/sandbox/verify-director-support-containment-small-inside-framing-phase1b7a11a18.ts

A.11A.21 v1.3 patch installed successfully.

Outer wrapper completed successfully.
**********************
PowerShell transcript end
End time: 20260827224955
**********************
