**********************
PowerShell transcript start
Start time: 20260929214242
Username: WILLSURFACE\willc
RunAs User: WILLSURFACE\willc
Configuration Name: 
Machine: WILLSURFACE (Microsoft Windows NT 10.0.26200.0)
Host Application: C:\Program Files\PowerShell\7\pwsh.dll -noexit -command try { . "c:\Users\willc\AppData\Local\Programs\Microsoft VS Code\04c0d99f4f\resources\app\out\vs\workbench\contrib\terminal\common\scripts\shellIntegration.ps1" } catch {}
Process ID: 14944
PSVersion: 7.6.6
PSEdition: Core
GitCommitId: 7.6.6
OS: Microsoft Windows 10.0.26200
Platform: Win32NT
PSCompatibleVersions: 1.0, 2.0, 3.0, 4.0, 5.0, 5.1, 6.0, 7.0
PSRemotingProtocolVersion: 2.4
SerializationVersion: 1.1.0.1
WSManStackVersion: 3.0
**********************
STATE 0: exact patch-target baseline with dependency contract guards for myway_asset_semantic_anchor_resolution_v2_evidence_v3_v1_2. Safe to apply.
[1/10] Next route type generation

[2/10] TypeScript noEmit

[3/10] Anchor Resolution V2 / Evidence Passage V3 verifier

[4/10] Historical Asset Semantic Evidence Pilot V1 verifier

[5/10] Historical reranker V1 verifier

[6/10] Historical semantic retrieval V2 verifier

[7/10] Historical Search Bench V2 verifier

[8/10] Historical Search Bench V3 verifier

[9/10] Historical Semantic Embedding Pilot V1 verifier

[10/10] Historical Orchestration Lab Stage 1-3 verifier

[build] Production build

STATE 10: myway_asset_semantic_anchor_resolution_v2_evidence_v3_v1_2 is already fully applied.

SUCCESS: Anchor Resolution V2 + Evidence Passage V3 patch applied.
Preflight/postflight state: 0 -> 10
Patch targets use canonical text hashes; the two brittle read-only dependencies use explicit API/type contract guards.
No NVIDIA/provider call was made during installation.
No embedding regeneration or full-atlas semantic backfill was performed.
No model-authored permanent evidence was written to the Asset Library.
Next: refresh/publish the query snapshot, build evidence, run Anchor Resolution V2 audit, and send the raw JSON before running V3 A/B/C.
Generate a fresh sandbox dump before the next source patch.
**********************
PowerShell transcript end
End time: 20260929214354
**********************
