**********************
PowerShell transcript start
Start time: 20260827215738
Username: WILLSURFACE\willc
RunAs User: WILLSURFACE\willc
Configuration Name: 
Machine: WILLSURFACE (Microsoft Windows NT 10.0.26200.0)
Host Application: C:\Program Files\PowerShell\7\pwsh.dll -noexit -command try { . "c:\Users\willc\AppData\Local\Programs\Microsoft VS Code\110a328ea5\resources\app\out\vs\workbench\contrib\terminal\common\scripts\shellIntegration.ps1" } catch {}
Process ID: 27384
PSVersion: 7.6.5
PSEdition: Core
GitCommitId: 7.6.5
OS: Microsoft Windows 10.0.26200
Platform: Win32NT
PSCompatibleVersions: 1.0, 2.0, 3.0, 4.0, 5.0, 5.1, 6.0, 7.0
PSRemotingProtocolVersion: 2.4
SerializationVersion: 1.1.0.1
WSManStackVersion: 3.0
**********************
Transcript started, output file is C:\Users\willc\projects\MyWay\v1\.myway-patch-logs\myway_director_composition_thirds_negative_space_phase1b7a11a20_v1-install-20260827-215737.log

=== MyWay A.11A.20 — Composition thirds + negative-space truth ===

Invoking transactional installer...
Patch payload SHA-256 verification passed.
{"patch":"myway_director_composition_thirds_negative_space_phase1b7a11a20_v1","state":"baseline"}
Transactional backups created: C:\Users\willc\projects\MyWay\v1\.myway-patch-backups\myway_director_composition_thirds_negative_space_phase1b7a11a20_v1-20260827-215739
Patch payload copied.
{"patch":"myway_director_composition_thirds_negative_space_phase1b7a11a20_v1","state":"applied","postflight":"pass"}

>>> pnpm exec tsx scripts/sandbox/verify-director-composition-thirds-negative-space-phase1b7a11a20.ts

PASS: pnpm exec tsx scripts/sandbox/verify-director-composition-thirds-negative-space-phase1b7a11a20.ts

>>> pnpm exec tsx scripts/sandbox/verify-director-special-viewpoints-object-attached-phase1b7a11a19.ts

PASS: pnpm exec tsx scripts/sandbox/verify-director-special-viewpoints-object-attached-phase1b7a11a19.ts

>>> pnpm exec tsx scripts/sandbox/verify-director-camera-fidelity-phase1b.ts

PASS: pnpm exec tsx scripts/sandbox/verify-director-camera-fidelity-phase1b.ts

>>> pnpm exec tsx scripts/sandbox/verify-director-qualification-campaign-phase1b7a11a.ts

PASS: pnpm exec tsx scripts/sandbox/verify-director-qualification-campaign-phase1b7a11a.ts

>>> pnpm exec tsx scripts/sandbox/verify-director-qualification-room-phase1b7a.ts

PASS: pnpm exec tsx scripts/sandbox/verify-director-qualification-room-phase1b7a.ts

>>> pnpm exec tsx scripts/sandbox/verify-director-depth-screen-fixture-repair-phase1b7a11a2.ts

PASS: pnpm exec tsx scripts/sandbox/verify-director-depth-screen-fixture-repair-phase1b7a11a2.ts

>>> pnpm exec tsx scripts/sandbox/verify-director-group-formations-phase1b7a11a3.ts

PASS: pnpm exec tsx scripts/sandbox/verify-director-group-formations-phase1b7a11a3.ts

>>> pnpm exec tsx scripts/sandbox/verify-director-relative-actor-placement-phase1b7a11a5.ts

PASS: pnpm exec tsx scripts/sandbox/verify-director-relative-actor-placement-phase1b7a11a5.ts

>>> pnpm exec tsx scripts/sandbox/verify-director-support-containment-phase1b7a11a7.ts

PS>TerminatingError(): "pnpm exec tsx scripts/sandbox/verify-director-support-containment-phase1b7a11a7.ts failed with exit code 1."
PS>TerminatingError(): "pnpm exec tsx scripts/sandbox/verify-director-support-containment-phase1b7a11a7.ts failed with exit code 1."
WARNING: Patch failed. Restoring the exact pre-patch targets...
WARNING: Rollback completed. No partial A.11A.20 target state was intentionally left behind.
PS>TerminatingError(): "pnpm exec tsx scripts/sandbox/verify-director-support-containment-phase1b7a11a7.ts failed with exit code 1."
**********************
PowerShell transcript end
End time: 20260827215811
**********************
