**********************
PowerShell transcript start
Start time: 20260929201607
Username: WILLSURFACE\willc
RunAs User: WILLSURFACE\willc
Configuration Name: 
Machine: WILLSURFACE (Microsoft Windows NT 10.0.26200.0)
Host Application: C:\Program Files\PowerShell\7\pwsh.dll -noexit -command try { . "c:\Users\willc\AppData\Local\Programs\Microsoft VS Code\04c0d99f4f\resources\app\out\vs\workbench\contrib\terminal\common\scripts\shellIntegration.ps1" } catch {}
Process ID: 8724
PSVersion: 7.6.6
PSEdition: Core
GitCommitId: 7.6.6
OS: Microsoft Windows 10.0.26200
Platform: Win32NT
PSCompatibleVersions: 1.0, 2.0, 3.0, 4.0, 5.0, 5.1, 6.0, 7.0
PSRemotingProtocolVersion: 2.4
SerializationVersion: 1.1.0.1
WSManStackVersion: 3.0
**********************
STATE 0: exact baseline for myway_asset_semantic_evidence_pilot_v1_1. Safe to apply.








STATE 0: exact baseline for myway_asset_semantic_evidence_pilot_v1_1. Safe to apply.
Rollback verified: source tree returned to STATE 0.
PS>TerminatingError(): "Historical Semantic Embedding Pilot V1 verifier failed with exit code 1."
**********************
PowerShell transcript end
End time: 20260929201627
**********************
