**********************
PowerShell transcript start
Start time: 20260906194140
Username: WILLSURFACE\willc
RunAs User: WILLSURFACE\willc
Configuration Name: 
Machine: WILLSURFACE (Microsoft Windows NT 10.0.26200.0)
Host Application: C:\Program Files\PowerShell\7\pwsh.dll -noexit -command try { . "c:\Users\willc\AppData\Local\Programs\Microsoft VS Code\a44adf7f53\resources\app\out\vs\workbench\contrib\terminal\common\scripts\shellIntegration.ps1" } catch {}
Process ID: 21384
PSVersion: 7.6.5
PSEdition: Core
GitCommitId: 7.6.5
OS: Microsoft Windows 10.0.26200
Platform: Win32NT
PSCompatibleVersions: 1.0, 2.0, 3.0, 4.0, 5.0, 5.1, 6.0, 7.0
PSRemotingProtocolVersion: 2.4
SerializationVersion: 1.1.0.1
WSManStackVersion: 3.0
**********************





A.11A.55 v1.1 exact-byte rollback succeeded.
PS>TerminatingError(): "Patch failed after writes; exact rollback succeeded. Original error: Verifier failed (scripts/sandbox/verify-director-relational-articulation-phase1b4-3.ts) with native exit code 1"
**********************
PowerShell transcript end
End time: 20260906194157
**********************
