**********************
PowerShell transcript start
Start time: 20260825185626
Username: WILLSURFACE\willc
RunAs User: WILLSURFACE\willc
Configuration Name: 
Machine: WILLSURFACE (Microsoft Windows NT 10.0.26200.0)
Host Application: C:\Program Files\PowerShell\7\pwsh.dll -noexit -command try { . "c:\Users\willc\AppData\Local\Programs\Microsoft VS Code\110a328ea5\resources\app\out\vs\workbench\contrib\terminal\common\scripts\shellIntegration.ps1" } catch {}
Process ID: 40544
PSVersion: 7.6.3
PSEdition: Core
GitCommitId: 7.6.3
OS: Microsoft Windows 10.0.26200
Platform: Win32NT
PSCompatibleVersions: 1.0, 2.0, 3.0, 4.0, 5.0, 5.1, 6.0, 7.0
PSRemotingProtocolVersion: 2.4
SerializationVersion: 1.1.0.1
WSManStackVersion: 3.0
**********************
Transcript started, output file is C:\Users\willc\projects\MyWay\v1\.myway-patch-logs\myway_asset_needs_review_enrichment_backfill_v1_1-install-20260825-185624.log

=== MyWay Asset Library — Needs Review enrichment backfill v1.1 ===

Current git status (diagnostic only):


Invoking transactional installer...

=== myway_asset_needs_review_enrichment_backfill_v1_1 ===
Project root: C:\Users\willc\projects\MyWay\v1
Package root: C:\Users\willc\Downloads\myway_asset_needs_review_enrichment_backfill_v1_1
Running exact baseline/applied preflight...
PATCH_ID=myway_asset_needs_review_enrichment_backfill_v1_1
PREFLIGHT_STATE=applied
Exact targeted Needs Review enrichment patch is already applied.

Patch is already applied. No files were changed.

Outer wrapper completed successfully.
**********************
PowerShell transcript end
End time: 20260825185626
**********************
