**********************
PowerShell transcript start
Start time: 20260823153013
Username: WILLSURFACE\willc
RunAs User: WILLSURFACE\willc
Configuration Name: 
Machine: WILLSURFACE (Microsoft Windows NT 10.0.26200.0)
Host Application: C:\Program Files\PowerShell\7\pwsh.dll -noexit -command try { . "c:\Users\willc\AppData\Local\Programs\Microsoft VS Code\110a328ea5\resources\app\out\vs\workbench\contrib\terminal\common\scripts\shellIntegration.ps1" } catch {}
Process ID: 16120
PSVersion: 7.6.3
PSEdition: Core
GitCommitId: 7.6.3
OS: Microsoft Windows 10.0.26200
Platform: Win32NT
PSCompatibleVersions: 1.0, 2.0, 3.0, 4.0, 5.0, 5.1, 6.0, 7.0
PSRemotingProtocolVersion: 2.4
SerializationVersion: 1.1.0.1
WSManStackVersion: 3.0
**********************
Transcript started, output file is C:\Users\willc\projects\MyWay\v1\.myway-patch-logs\myway_director_support_containment_readability_generalization_phase1b7a11a11_v1-install-20260823-153012.log

=== MyWay A.11A.11 Inside readability + On Surface source generalization ===

Current git status (diagnostic only):


Invoking transactional installer...

=== myway_director_support_containment_readability_generalization_phase1b7a11a11_v1 ===
Project root: C:\Users\willc\projects\MyWay\v1
Package root: C:\Users\willc\Downloads\myway_director_support_containment_readability_generalization_phase1b7a11a11_v1
Running exact baseline/applied preflight...
PATCH_ID=myway_director_support_containment_readability_generalization_phase1b7a11a11_v1
PREFLIGHT_STATE=baseline
Baseline fingerprints match exactly; apply is permitted.
Verifying packaged payload hashes...
Creating transactional backup: C:\Users\willc\projects\MyWay\v1\.myway-patch-backups\myway_director_support_containment_readability_generalization_phase1b7a11a11_v1-20260823-153014
Applying payload...
Verifying exact post-copy payload hashes...

Running A.11A.11 + earned Support/Containment + Director regression verifier chain...

>>> pnpm exec tsx scripts/sandbox/verify-director-support-containment-readability-generalization-phase1b7a11a11.ts


>>> pnpm exec tsx scripts/sandbox/verify-director-support-containment-topology-phase1b7a11a10.ts

PS>TerminatingError(): "pnpm exec tsx scripts/sandbox/verify-director-support-containment-topology-phase1b7a11a10.ts failed with exit code 1."

ERROR: patch application failed: pnpm exec tsx scripts/sandbox/verify-director-support-containment-topology-phase1b7a11a10.ts failed with exit code 1.
Rolling back project files...
Verifying restored baseline...
PATCH_ID=myway_director_support_containment_readability_generalization_phase1b7a11a11_v1
PREFLIGHT_STATE=baseline
Baseline fingerprints match exactly; apply is permitted.
ROLLBACK VERIFIED: project restored to the exact pre-patch baseline.
Backup retained at: C:\Users\willc\projects\MyWay\v1\.myway-patch-backups\myway_director_support_containment_readability_generalization_phase1b7a11a11_v1-20260823-153014
PS>TerminatingError(): "pnpm exec tsx scripts/sandbox/verify-director-support-containment-topology-phase1b7a11a10.ts failed with exit code 1."
**********************
PowerShell transcript end
End time: 20260823153026
**********************
