**********************
PowerShell transcript start
Start time: 20260825214947
Username: WILLSURFACE\willc
RunAs User: WILLSURFACE\willc
Configuration Name: 
Machine: WILLSURFACE (Microsoft Windows NT 10.0.26200.0)
Host Application: C:\Program Files\PowerShell\7\pwsh.dll -noexit -command try { . "c:\Users\willc\AppData\Local\Programs\Microsoft VS Code\110a328ea5\resources\app\out\vs\workbench\contrib\terminal\common\scripts\shellIntegration.ps1" } catch {}
Process ID: 14764
PSVersion: 7.6.3
PSEdition: Core
GitCommitId: 7.6.3
OS: Microsoft Windows 10.0.26200
Platform: Win32NT
PSCompatibleVersions: 1.0, 2.0, 3.0, 4.0, 5.0, 5.1, 6.0, 7.0
PSRemotingProtocolVersion: 2.4
SerializationVersion: 1.1.0.1
WSManStackVersion: 3.0
**********************
Transcript started, output file is C:\Users\willc\projects\MyWay\v1\.myway-patch-logs\myway_asset_needs_review_poly_pizza_modification_notice_backfill_v1-install-20260825-214946.log

=== MyWay Asset Library — Poly Pizza modification-notice backfill ===

Current git status (diagnostic only):


Invoking transactional installer...

=== myway_asset_needs_review_poly_pizza_modification_notice_backfill_v1 ===
Project root: C:\Users\willc\projects\MyWay\v1
Package root: C:\Users\willc\Downloads\myway_asset_needs_review_poly_pizza_modification_notice_backfill_v1
Running exact v1.3 baseline/applied preflight...
PATCH_ID=myway_asset_needs_review_poly_pizza_modification_notice_backfill_v1
V1_3_SENTINELS=match
NEW_VERIFIER_STATE=missing
PREFLIGHT_STATE=baseline
Exact v1.3 Asset Library state from the 2026-08-25T21:36-07:00 sandbox dump matches; modification-notice repair is permitted.
Verifying packaged payload hashes...
Creating transactional backup: C:\Users\willc\projects\MyWay\v1\.myway-patch-backups\myway_asset_needs_review_poly_pizza_modification_notice_backfill_v1-20260825-214948
Applying payload...
Verifying exact post-copy payload hashes...

Running Poly Pizza modification-notice repair verification chain...

>>> pnpm exec tsx scripts/sandbox/verify-poly-pizza-modification-notice-backfill-v1.ts


>>> pnpm exec tsx scripts/sandbox/verify-asset-needs-review-bulk-scene-approval-v1.ts


>>> pnpm exec tsx scripts/sandbox/verify-asset-needs-review-enrichment-backfill-v1.ts


>>> pnpm exec tsx scripts/sandbox/verify-smart-asset-integrity-v2.ts


>>> pnpm exec tsx scripts/sandbox/verify-smart-asset-intake-v1.ts


>>> pnpm exec tsx sandbox/probe-lab/assets/tests/verify-manual-cc0-scene-use-approval.ts


>>> pnpm exec tsx sandbox/probe-lab/assets/tests/verify-poly-pizza-cc-by-pipeline.ts


>>> pnpm exec tsc --noEmit --pretty false


>>> pnpm build


Verifying exact final state...
PATCH_ID=myway_asset_needs_review_poly_pizza_modification_notice_backfill_v1
V1_3_SENTINELS=match
NEW_VERIFIER_STATE=e91fb3975ae7e7d55b943aa8d3bc49c03cd6cec56cff0f3e85bb4829ce08ed69
PREFLIGHT_STATE=applied
Exact Poly Pizza modification-notice backfill state already matches.

PATCH APPLIED SUCCESSFULLY.
Backup retained at: C:\Users\willc\projects\MyWay\v1\.myway-patch-backups\myway_asset_needs_review_poly_pizza_modification_notice_backfill_v1-20260825-214948

Outer wrapper completed successfully.
**********************
PowerShell transcript end
End time: 20260825215119
**********************
