**********************
PowerShell transcript start
Start time: 20260906160502
Username: WILLSURFACE\willc
RunAs User: WILLSURFACE\willc
Configuration Name: 
Machine: WILLSURFACE (Microsoft Windows NT 10.0.26200.0)
Host Application: C:\Program Files\PowerShell\7\pwsh.dll -noexit -command try { . "c:\Users\willc\AppData\Local\Programs\Microsoft VS Code\a44adf7f53\resources\app\out\vs\workbench\contrib\terminal\common\scripts\shellIntegration.ps1" } catch {}
Process ID: 17536
PSVersion: 7.6.5
PSEdition: Core
GitCommitId: 7.6.5
OS: Microsoft Windows 10.0.26200
Platform: Win32NT
PSCompatibleVersions: 1.0, 2.0, 3.0, 4.0, 5.0, 5.1, 6.0, 7.0
PSRemotingProtocolVersion: 2.4
SerializationVersion: 1.1.0.1
WSManStackVersion: 3.0
**********************
Running installer preflight against C:\Users\willc\projects\MyWay\v1


==> TypeScript noEmit


==> A.11A.54 Scale-and-representation semantic closeout verifier


==> A.11A.53 Scale-and-representation successor-safe verifier

PS>TerminatingError(): "A.11A.53 Scale-and-representation successor-safe verifier failed with native exit code 1"

Install failed after writes began. Restoring exact pre-patch bytes...
ROLLBACK SUCCESS: exact pre-patch source bytes restored.
PS>TerminatingError(): "A.11A.53 Scale-and-representation successor-safe verifier failed with native exit code 1"
**********************
PowerShell transcript end
End time: 20260906160519
**********************
