**********************
PowerShell transcript start
Start time: 20260828203110
Username: WILLSURFACE\willc
RunAs User: WILLSURFACE\willc
Configuration Name: 
Machine: WILLSURFACE (Microsoft Windows NT 10.0.26200.0)
Host Application: C:\Program Files\PowerShell\7\pwsh.dll -noexit -command try { . "c:\Users\willc\AppData\Local\Programs\Microsoft VS Code\110a328ea5\resources\app\out\vs\workbench\contrib\terminal\common\scripts\shellIntegration.ps1" } catch {}
Process ID: 35788
PSVersion: 7.6.5
PSEdition: Core
GitCommitId: 7.6.5
OS: Microsoft Windows 10.0.26200
Platform: Win32NT
PSCompatibleVersions: 1.0, 2.0, 3.0, 4.0, 5.0, 5.1, 6.0, 7.0
PSRemotingProtocolVersion: 2.4
SerializationVersion: 1.1.0.1
WSManStackVersion: 3.0
**********************
Transcript started, output file is C:\Users\willc\projects\MyWay\v1\.myway-patch-logs\myway_director_shot_scale_semantic_framing_phase1b7a11a25_v1-install-20260828-203109.log

=== MyWay A.11A.25 — Shot-scale semantic framing repair ===

Invoking transactional installer...
Patch payload SHA-256 verification passed.


Postflight source verification passed.

>>> A.11A.24 successor lens verifier

PASS: A.11A.24 successor lens verifier

>>> A.11A.25 Shot-scale semantic framing verifier


Patch failed. Restoring exact pre-patch targets...
Rollback completed.
PS>TerminatingError(): "A.11A.25 Shot-scale verifier failed with exit code 1."
**********************
PowerShell transcript end
End time: 20260828203125
**********************
