MYWAY_PROGRESS:Building chest_base...
MYWAY_PROGRESS:chest_base complete
MYWAY_PROGRESS:Building lid_shell...
MYWAY_PROGRESS:lid_shell complete
MYWAY_PROGRESS:Building metal_bands_base...
MYWAY_PROGRESS:metal_bands_base complete
MYWAY_PROGRESS:Building metal_bands_lid...
MYWAY_PROGRESS:metal_bands_lid complete
MYWAY_PROGRESS:Building corner_brackets...
MYWAY_PROGRESS:corner_brackets complete
MYWAY_PROGRESS:Building hinges...
MYWAY_PROGRESS:hinges complete
MYWAY_PROGRESS:Building side_handles...
MYWAY_PROGRESS:side_handles complete
MYWAY_PROGRESS:Building lock_plate...
MYWAY_PROGRESS:lock_plate complete
MYWAY_PROGRESS:Building lock_hasp...
MYWAY_PROGRESS:lock_hasp complete
MYWAY_PROGRESS:Setting up hierarchy...
MYWAY_PROGRESS:Hierarchy complete
MYWAY_PROGRESS:Grounding and normalizing...
Blender 5.1.2 (hash ec6e62d40fa9 built 2026-05-19 01:37:34)

Blender quit
