MYWAY_PROGRESS:building native stylized wheelchair
MYWAY_PROGRESS:native stylized wheelchair geometry complete
Info: Saved as "native_stylized_wheelchair_proof.blend"
INFO Draco mesh compression is available, use library at C:\Program Files\Blender Foundation\Blender 5.1\5.1\scripts\addons_core\io_scene_gltf2\extern_draco.dll
16:19:45 | INFO: Starting glTF 2.0 export
16:19:45 | INFO: Extracting primitive: Cube.002
16:19:47 | WARNING: More than one shader node tex image used for a texture. The resulting glTF sampler will behave like the first shader node tex image.
16:19:48 | INFO: Primitives created: 1
16:19:48 | INFO: Extracting primitive: Cube.004
16:19:48 | INFO: Primitives created: 1
16:19:48 | INFO: Extracting primitive: Cylinder.052
16:19:49 | WARNING: More than one shader node tex image used for a texture. The resulting glTF sampler will behave like the first shader node tex image.
16:19:49 | INFO: Primitives created: 1
16:19:50 | INFO: Extracting primitive: Cylinder.062
16:19:50 | INFO: Primitives created: 1
16:19:50 | INFO: Extracting primitive: Cylinder.053
16:19:50 | INFO: Primitives created: 1
16:19:50 | INFO: Extracting primitive: Cylinder.063
16:19:50 | INFO: Primitives created: 1
16:19:50 | INFO: Extracting primitive: Cylinder.049
16:19:50 | INFO: Primitives created: 1
16:19:50 | INFO: Extracting primitive: Cylinder.059
16:19:50 | INFO: Primitives created: 1
16:19:50 | INFO: Extracting primitive: Cube.001
16:19:50 | INFO: Primitives created: 1
16:19:50 | INFO: Extracting primitive: Cylinder.068
16:19:50 | INFO: Primitives created: 1
16:19:50 | INFO: Extracting primitive: Cylinder.073
16:19:50 | INFO: Primitives created: 1
16:19:50 | INFO: Extracting primitive: Cylinder.070
16:19:50 | INFO: Primitives created: 1
16:19:50 | INFO: Extracting primitive: Cylinder.071
16:19:50 | INFO: Primitives created: 1
16:19:50 | INFO: Extracting primitive: Cylinder.075
16:19:50 | INFO: Primitives created: 1
16:19:50 | INFO: Extracting primitive: Cylinder.076
16:19:50 | INFO: Primitives created: 1
16:19:50 | INFO: Extracting primitive: Cylinder.072
16:19:51 | WARNING: More than one shader node tex image used for a texture. The resulting glTF sampler will behave like the first shader node tex image.
16:19:51 | INFO: Primitives created: 1
16:19:51 | INFO: Extracting primitive: Cylinder.077
16:19:51 | INFO: Primitives created: 1
16:19:51 | INFO: Extracting primitive: Cylinder.069
16:19:51 | INFO: Primitives created: 1
16:19:51 | INFO: Extracting primitive: Cylinder.074
16:19:51 | INFO: Primitives created: 1
16:19:51 | INFO: Extracting primitive: Torus.006
16:19:53 | INFO: Primitives created: 1
16:19:53 | INFO: Extracting primitive: Torus.007
16:19:53 | INFO: Primitives created: 1
16:19:53 | INFO: Extracting primitive: Cylinder.065
16:19:53 | INFO: Primitives created: 1
16:19:53 | INFO: Extracting primitive: Cylinder.066
16:19:53 | INFO: Primitives created: 1
16:19:53 | INFO: Extracting primitive: Cylinder.067
16:19:53 | INFO: Primitives created: 1
16:19:53 | INFO: Extracting primitive: Cube.006
16:19:53 | INFO: Primitives created: 1
16:19:53 | INFO: Extracting primitive: Cube.007
16:19:53 | INFO: Primitives created: 1
16:19:53 | INFO: Extracting primitive: Cylinder.079
16:19:53 | INFO: Primitives created: 1
16:19:53 | INFO: Extracting primitive: Cylinder.081
16:19:53 | INFO: Primitives created: 1
16:19:53 | INFO: Extracting primitive: Cylinder.078
16:19:53 | INFO: Primitives created: 1
16:19:53 | INFO: Extracting primitive: Cylinder.080
16:19:53 | INFO: Primitives created: 1
16:19:53 | INFO: Extracting primitive: Cylinder.047
16:19:53 | INFO: Primitives created: 1
16:19:53 | INFO: Extracting primitive: Cylinder.057
16:19:53 | INFO: Primitives created: 1
16:19:53 | INFO: Extracting primitive: Cylinder.043
16:19:53 | INFO: Primitives created: 1
16:19:53 | INFO: Extracting primitive: Torus.002
16:19:53 | INFO: Primitives created: 1
16:19:53 | INFO: Extracting primitive: Torus.005
16:19:53 | INFO: Primitives created: 1
16:19:53 | INFO: Extracting primitive: Cylinder.046
16:19:53 | INFO: Primitives created: 1
16:19:53 | INFO: Extracting primitive: Cylinder.056
16:19:53 | INFO: Primitives created: 1
16:19:53 | INFO: Extracting primitive: Cylinder.051
16:19:53 | INFO: Primitives created: 1
16:19:53 | INFO: Extracting primitive: Cylinder.061
16:19:53 | INFO: Primitives created: 1
16:19:53 | INFO: Extracting primitive: Cylinder.050
16:19:53 | INFO: Primitives created: 1
16:19:53 | INFO: Extracting primitive: Cylinder.060
16:19:53 | INFO: Primitives created: 1
16:19:53 | INFO: Extracting primitive: Cylinder.020
16:19:53 | INFO: Primitives created: 1
16:19:53 | INFO: Extracting primitive: Cylinder.041
16:19:53 | INFO: Primitives created: 1
16:19:53 | INFO: Extracting primitive: Cylinder.044
16:19:53 | INFO: Primitives created: 1
16:19:53 | INFO: Extracting primitive: Cylinder.048
16:19:53 | INFO: Primitives created: 1
16:19:53 | INFO: Extracting primitive: Cylinder.058
16:19:53 | INFO: Primitives created: 1
16:19:53 | INFO: Extracting primitive: Cylinder
16:19:53 | INFO: Primitives created: 1
16:19:53 | INFO: Extracting primitive: Cylinder.021
16:19:53 | INFO: Primitives created: 1
16:19:53 | INFO: Extracting primitive: Cylinder.001
16:19:53 | INFO: Primitives created: 1
16:19:53 | INFO: Extracting primitive: Cylinder.022
16:19:53 | INFO: Primitives created: 1
16:19:53 | INFO: Extracting primitive: Cylinder.002
16:19:53 | INFO: Primitives created: 1
16:19:53 | INFO: Extracting primitive: Cylinder.003
16:19:53 | INFO: Primitives created: 1
16:19:53 | INFO: Extracting primitive: Cylinder.004
16:19:53 | INFO: Primitives created: 1
16:19:53 | INFO: Extracting primitive: Cylinder.005
16:19:53 | INFO: Primitives created: 1
16:19:53 | INFO: Extracting primitive: Cylinder.006
16:19:53 | INFO: Primitives created: 1
16:19:53 | INFO: Extracting primitive: Cylinder.007
16:19:53 | INFO: Primitives created: 1
16:19:53 | INFO: Extracting primitive: Cylinder.008
16:19:53 | INFO: Primitives created: 1
16:19:53 | INFO: Extracting primitive: Cylinder.009
16:19:53 | INFO: Primitives created: 1
16:19:53 | INFO: Extracting primitive: Cylinder.010
16:19:53 | INFO: Primitives created: 1
16:19:53 | INFO: Extracting primitive: Cylinder.011
16:19:53 | INFO: Primitives created: 1
16:19:53 | INFO: Extracting primitive: Cylinder.012
16:19:53 | INFO: Primitives created: 1
16:19:53 | INFO: Extracting primitive: Cylinder.013
16:19:53 | INFO: Primitives created: 1
16:19:53 | INFO: Extracting primitive: Cylinder.014
16:19:53 | INFO: Primitives created: 1
16:19:53 | INFO: Extracting primitive: Cylinder.015
16:19:53 | INFO: Primitives created: 1
16:19:53 | INFO: Extracting primitive: Cylinder.016
16:19:53 | INFO: Primitives created: 1
16:19:53 | INFO: Extracting primitive: Cylinder.017
16:19:53 | INFO: Primitives created: 1
16:19:53 | INFO: Extracting primitive: Cylinder.018
16:19:53 | INFO: Primitives created: 1
16:19:53 | INFO: Extracting primitive: Cylinder.019
16:19:53 | INFO: Primitives created: 1
16:19:53 | INFO: Extracting primitive: Cylinder.023
16:19:53 | INFO: Primitives created: 1
16:19:53 | INFO: Extracting primitive: Cylinder.024
16:19:53 | INFO: Primitives created: 1
16:19:53 | INFO: Extracting primitive: Cylinder.025
16:19:53 | INFO: Primitives created: 1
16:19:53 | INFO: Extracting primitive: Cylinder.026
16:19:53 | INFO: Primitives created: 1
16:19:53 | INFO: Extracting primitive: Cylinder.027
16:19:53 | INFO: Primitives created: 1
16:19:53 | INFO: Extracting primitive: Cylinder.028
16:19:53 | INFO: Primitives created: 1
16:19:53 | INFO: Extracting primitive: Cylinder.029
16:19:53 | INFO: Primitives created: 1
16:19:53 | INFO: Extracting primitive: Cylinder.030
16:19:53 | INFO: Primitives created: 1
16:19:53 | INFO: Extracting primitive: Cylinder.031
16:19:53 | INFO: Primitives created: 1
16:19:53 | INFO: Extracting primitive: Cylinder.032
16:19:53 | INFO: Primitives created: 1
16:19:53 | INFO: Extracting primitive: Cylinder.033
16:19:53 | INFO: Primitives created: 1
16:19:53 | INFO: Extracting primitive: Cylinder.034
16:19:53 | INFO: Primitives created: 1
16:19:53 | INFO: Extracting primitive: Cylinder.035
16:19:53 | INFO: Primitives created: 1
16:19:53 | INFO: Extracting primitive: Cylinder.036
16:19:53 | INFO: Primitives created: 1
16:19:53 | INFO: Extracting primitive: Cylinder.037
16:19:53 | INFO: Primitives created: 1
16:19:53 | INFO: Extracting primitive: Cylinder.038
16:19:53 | INFO: Primitives created: 1
16:19:53 | INFO: Extracting primitive: Cylinder.039
16:19:53 | INFO: Primitives created: 1
16:19:53 | INFO: Extracting primitive: Cylinder.040
16:19:53 | INFO: Primitives created: 1
16:19:53 | INFO: Extracting primitive: Torus
16:19:53 | INFO: Primitives created: 1
16:19:53 | INFO: Extracting primitive: Torus.003
16:19:53 | INFO: Primitives created: 1
16:19:53 | INFO: Extracting primitive: Torus.001
16:19:53 | INFO: Primitives created: 1
16:19:53 | INFO: Extracting primitive: Torus.004
16:19:53 | INFO: Primitives created: 1
16:19:53 | INFO: Extracting primitive: Cube
16:19:53 | INFO: Primitives created: 1
16:19:53 | INFO: Extracting primitive: Cylinder.045
16:19:53 | INFO: Primitives created: 1
16:19:53 | INFO: Extracting primitive: Cylinder.055
16:19:53 | INFO: Primitives created: 1
16:19:53 | INFO: Extracting primitive: Cube.003
16:19:53 | INFO: Primitives created: 1
16:19:53 | INFO: Extracting primitive: Cube.005
16:19:53 | INFO: Primitives created: 1
16:19:53 | INFO: Extracting primitive: Cylinder.054
16:19:53 | INFO: Primitives created: 1
16:19:53 | INFO: Extracting primitive: Cylinder.064
16:19:53 | INFO: Primitives created: 1
16:19:53 | INFO: Extracting primitive: Cylinder.042
16:19:53 | INFO: Primitives created: 1
16:19:54 | INFO: Finished glTF 2.0 export in 8.265727996826172 s
00:26.625  render           | Saved: 'C:\Users\willc\projects\MyWay\v1\public\sandbox-assets\myway\blender-python-builder\c5ea06ef-69fa-4a5b-85f8-091d38d05b6f\preview.png'
00:29.421  render           | Saved: 'C:\Users\willc\projects\MyWay\v1\public\sandbox-assets\myway\blender-python-builder\c5ea06ef-69fa-4a5b-85f8-091d38d05b6f\preview_front.png'
00:30.828  render           | Saved: 'C:\Users\willc\projects\MyWay\v1\public\sandbox-assets\myway\blender-python-builder\c5ea06ef-69fa-4a5b-85f8-091d38d05b6f\preview_right.png'
00:32.390  render           | Saved: 'C:\Users\willc\projects\MyWay\v1\public\sandbox-assets\myway\blender-python-builder\c5ea06ef-69fa-4a5b-85f8-091d38d05b6f\preview_back.png'
00:33.703  render           | Saved: 'C:\Users\willc\projects\MyWay\v1\public\sandbox-assets\myway\blender-python-builder\c5ea06ef-69fa-4a5b-85f8-091d38d05b6f\preview_left.png'
00:35.546  render           | Saved: 'C:\Users\willc\projects\MyWay\v1\public\sandbox-assets\myway\blender-python-builder\c5ea06ef-69fa-4a5b-85f8-091d38d05b6f\preview_top.png'
00:37.046  render           | Saved: 'C:\Users\willc\projects\MyWay\v1\public\sandbox-assets\myway\blender-python-builder\c5ea06ef-69fa-4a5b-85f8-091d38d05b6f\preview_clay.png'
00:38.531  render           | Saved: 'C:\Users\willc\projects\MyWay\v1\public\sandbox-assets\myway\blender-python-builder\c5ea06ef-69fa-4a5b-85f8-091d38d05b6f\preview_material_id.png'
00:40.171  render           | Saved: 'C:\Users\willc\projects\MyWay\v1\public\sandbox-assets\myway\blender-python-builder\c5ea06ef-69fa-4a5b-85f8-091d38d05b6f\preview_normals.png'
00:42.312  render           | Saved: 'C:\Users\willc\projects\MyWay\v1\public\sandbox-assets\myway\blender-python-builder\c5ea06ef-69fa-4a5b-85f8-091d38d05b6f\preview_wireframe.png'
00:43.953  render           | Saved: 'C:\Users\willc\projects\MyWay\v1\public\sandbox-assets\myway\blender-python-builder\c5ea06ef-69fa-4a5b-85f8-091d38d05b6f\preview_dimensions.png'

MYWAY_PREVIEW_COMPLETE:C:\Users\willc\projects\MyWay\v1\public\sandbox-assets\myway\blender-python-builder\c5ea06ef-69fa-4a5b-85f8-091d38d05b6f\preview.png
MYWAY_PREVIEW_COMPLETE:C:\Users\willc\projects\MyWay\v1\public\sandbox-assets\myway\blender-python-builder\c5ea06ef-69fa-4a5b-85f8-091d38d05b6f\preview_front.png
MYWAY_PREVIEW_COMPLETE:C:\Users\willc\projects\MyWay\v1\public\sandbox-assets\myway\blender-python-builder\c5ea06ef-69fa-4a5b-85f8-091d38d05b6f\preview_right.png
MYWAY_PREVIEW_COMPLETE:C:\Users\willc\projects\MyWay\v1\public\sandbox-assets\myway\blender-python-builder\c5ea06ef-69fa-4a5b-85f8-091d38d05b6f\preview_back.png
MYWAY_PREVIEW_COMPLETE:C:\Users\willc\projects\MyWay\v1\public\sandbox-assets\myway\blender-python-builder\c5ea06ef-69fa-4a5b-85f8-091d38d05b6f\preview_left.png
MYWAY_PREVIEW_COMPLETE:C:\Users\willc\projects\MyWay\v1\public\sandbox-assets\myway\blender-python-builder\c5ea06ef-69fa-4a5b-85f8-091d38d05b6f\preview_top.png
MYWAY_PREVIEW_COMPLETE:C:\Users\willc\projects\MyWay\v1\public\sandbox-assets\myway\blender-python-builder\c5ea06ef-69fa-4a5b-85f8-091d38d05b6f\preview_clay.png
MYWAY_PREVIEW_COMPLETE:C:\Users\willc\projects\MyWay\v1\public\sandbox-assets\myway\blender-python-builder\c5ea06ef-69fa-4a5b-85f8-091d38d05b6f\preview_material_id.png
MYWAY_PREVIEW_COMPLETE:C:\Users\willc\projects\MyWay\v1\public\sandbox-assets\myway\blender-python-builder\c5ea06ef-69fa-4a5b-85f8-091d38d05b6f\preview_normals.png
MYWAY_PREVIEW_COMPLETE:C:\Users\willc\projects\MyWay\v1\public\sandbox-assets\myway\blender-python-builder\c5ea06ef-69fa-4a5b-85f8-091d38d05b6f\preview_wireframe.png
MYWAY_PREVIEW_COMPLETE:C:\Users\willc\projects\MyWay\v1\public\sandbox-assets\myway\blender-python-builder\c5ea06ef-69fa-4a5b-85f8-091d38d05b6f\preview_dimensions.png
MYWAY_VALIDATION_COMPLETE:C:\Users\willc\projects\MyWay\v1\public\sandbox-assets\myway\blender-python-builder\c5ea06ef-69fa-4a5b-85f8-091d38d05b6f\validation.json
MYWAY_QUALITY_COMPLETE:C:\Users\willc\projects\MyWay\v1\public\sandbox-assets\myway\blender-python-builder\c5ea06ef-69fa-4a5b-85f8-091d38d05b6f\quality.json
MYWAY_ASSET_BUILD_COMPLETE:C:\Users\willc\projects\MyWay\v1\public\sandbox-assets\myway\blender-python-builder\c5ea06ef-69fa-4a5b-85f8-091d38d05b6f\native_stylized_wheelchair_proof.glb
Blender 5.1.2 (hash ec6e62d40fa9 built 2026-05-19 01:37:34)

Blender quit
