MYWAY_PROGRESS: starting treasure chest build
MYWAY_PROGRESS: building chest body
MYWAY_PROGRESS: building lid
MYWAY_PROGRESS: building hinges
MYWAY_PROGRESS: building coin pile
MYWAY_PROGRESS: parenting objects
MYWAY_PROGRESS: finalizing
MYWAY_PROGRESS: total triangles: 8388
MYWAY_PROGRESS: treasure chest build complete
MYWAY_PROGRESS: lid is open and coins are visible
Info: Saved as "stylized_treasure_chest.blend"
INFO Draco mesh compression is available, use library at C:\Program Files\Blender Foundation\Blender 5.1\5.1\scripts\addons_core\io_scene_gltf2\extern_draco.dll
18:04:52 | INFO: Starting glTF 2.0 export
18:04:52 | INFO: Extracting primitive: Cylinder
18:04:52 | INFO: Primitives created: 1
18:04:52 | INFO: Extracting primitive: Cylinder.001
18:04:52 | INFO: Primitives created: 1
18:04:52 | INFO: Extracting primitive: Cube.011
18:04:52 | INFO: Primitives created: 1
18:04:52 | INFO: Extracting primitive: Cube.013
18:04:52 | INFO: Primitives created: 1
18:04:52 | INFO: Extracting primitive: Cube
18:04:52 | INFO: Primitives created: 4
18:04:52 | INFO: Extracting primitive: Cylinder.002
18:04:52 | INFO: Primitives created: 1
18:04:52 | INFO: Extracting primitive: Cube.006
18:04:52 | INFO: Primitives created: 3
18:04:52 | INFO: Extracting primitive: Cube.012
18:04:52 | INFO: Primitives created: 1
18:04:52 | INFO: Extracting primitive: Cube.014
18:04:52 | INFO: Primitives created: 1
18:04:52 | INFO: Finished glTF 2.0 export in 0.22406625747680664 s
00:13.156  render           | Saved: 'C:\Users\willc\projects\MyWay\v1\public\sandbox-assets\myway\blender-python-builder\fc620aea-9e65-4301-b667-c42e76cd91e1\preview.png'

MYWAY_PREVIEW_COMPLETE:C:\Users\willc\projects\MyWay\v1\public\sandbox-assets\myway\blender-python-builder\fc620aea-9e65-4301-b667-c42e76cd91e1\preview.png
MYWAY_ASSET_BUILD_COMPLETE:C:\Users\willc\projects\MyWay\v1\public\sandbox-assets\myway\blender-python-builder\fc620aea-9e65-4301-b667-c42e76cd91e1\stylized_treasure_chest.glb
Blender 5.1.2 (hash ec6e62d40fa9 built 2026-05-19 01:37:34)

Blender quit
