MYWAY_PROGRESS:building reference-matched mechanical desk fan
MYWAY_PROGRESS:creating weighted base and support column
MYWAY_PROGRESS:creating support yoke and tilt pivots
MYWAY_PROGRESS:creating motor housing and rear control knob
MYWAY_PROGRESS:creating rotor hub and three swept blades
MYWAY_PROGRESS:creating front and rear wire cages
MYWAY_PROGRESS:mechanical desk fan reference build complete
Info: Saved as "foundry_treasure_chest.blend"
INFO Draco mesh compression is available, use library at C:\Program Files\Blender Foundation\Blender 5.1\5.1\scripts\addons_core\io_scene_gltf2\extern_draco.dll
12:01:40 | INFO: Starting glTF 2.0 export
12:01:40 | INFO: Extracting primitive: Cylinder
12:01:40 | INFO: Primitives created: 1
12:01:40 | INFO: Extracting primitive: Cylinder.001
12:01:40 | INFO: Primitives created: 1
12:01:40 | INFO: Extracting primitive: Cylinder.002
12:01:40 | INFO: Primitives created: 1
12:01:40 | INFO: Extracting primitive: Cylinder.041
12:01:40 | INFO: Primitives created: 1
12:01:40 | INFO: Extracting primitive: Torus.004
12:01:40 | INFO: Primitives created: 1
12:01:40 | INFO: Extracting primitive: Torus.005
12:01:40 | INFO: Primitives created: 1
12:01:40 | INFO: Extracting primitive: Torus.006
12:01:40 | INFO: Primitives created: 1
12:01:40 | INFO: Extracting primitive: Torus.007
12:01:40 | INFO: Primitives created: 1
12:01:40 | INFO: Extracting primitive: Cylinder.049
12:01:40 | INFO: Primitives created: 1
12:01:40 | INFO: Extracting primitive: Cylinder.011
12:01:40 | INFO: Primitives created: 1
12:01:40 | INFO: Extracting primitive: Cylinder.010
12:01:40 | INFO: Primitives created: 1
12:01:40 | INFO: Extracting primitive: Cylinder.012
12:01:40 | INFO: Primitives created: 1
12:01:40 | INFO: Extracting primitive: Torus
12:01:40 | INFO: Primitives created: 1
12:01:40 | INFO: Extracting primitive: Torus.001
12:01:40 | INFO: Primitives created: 1
12:01:40 | INFO: Extracting primitive: Torus.002
12:01:40 | INFO: Primitives created: 1
12:01:40 | INFO: Extracting primitive: Torus.003
12:01:40 | INFO: Primitives created: 1
12:01:40 | INFO: Extracting primitive: Torus.014
12:01:40 | INFO: Primitives created: 1
12:01:40 | INFO: Extracting primitive: Cylinder.013
12:01:40 | INFO: Primitives created: 1
12:01:40 | INFO: Extracting primitive: blade_01_mesh
12:01:40 | INFO: Primitives created: 1
12:01:40 | INFO: Extracting primitive: blade_02_mesh
12:01:40 | INFO: Primitives created: 1
12:01:40 | INFO: Extracting primitive: blade_03_mesh
12:01:40 | INFO: Primitives created: 1
12:01:40 | INFO: Extracting primitive: Cylinder.015
12:01:40 | INFO: Primitives created: 1
12:01:40 | INFO: Extracting primitive: Cylinder.016
12:01:40 | INFO: Primitives created: 1
12:01:40 | INFO: Extracting primitive: Cylinder.014
12:01:40 | INFO: Primitives created: 1
12:01:40 | INFO: Extracting primitive: Cylinder.003
12:01:40 | INFO: Primitives created: 1
12:01:40 | INFO: Extracting primitive: Cylinder.004
12:01:40 | INFO: Primitives created: 1
12:01:40 | INFO: Extracting primitive: Cylinder.005
12:01:40 | INFO: Primitives created: 1
12:01:40 | INFO: Extracting primitive: Cube
12:01:40 | INFO: Primitives created: 1
12:01:40 | INFO: Extracting primitive: Cylinder.006
12:01:40 | INFO: Primitives created: 1
12:01:40 | INFO: Extracting primitive: Cylinder.008
12:01:40 | INFO: Primitives created: 1
12:01:40 | INFO: Extracting primitive: Cylinder.007
12:01:40 | INFO: Primitives created: 1
12:01:40 | INFO: Extracting primitive: Cylinder.009
12:01:40 | INFO: Primitives created: 1
12:01:40 | INFO: Finished glTF 2.0 export in 0.30040717124938965 s
00:10.687  render           | Saved: 'C:\Users\willc\projects\MyWay\v1\public\sandbox-assets\myway\blender-python-builder\9273cf48-3d0a-47be-ab08-c4ea214f401d\preview.png'
00:12.609  render           | Saved: 'C:\Users\willc\projects\MyWay\v1\public\sandbox-assets\myway\blender-python-builder\9273cf48-3d0a-47be-ab08-c4ea214f401d\preview_front.png'
00:14.390  render           | Saved: 'C:\Users\willc\projects\MyWay\v1\public\sandbox-assets\myway\blender-python-builder\9273cf48-3d0a-47be-ab08-c4ea214f401d\preview_right.png'
00:16.015  render           | Saved: 'C:\Users\willc\projects\MyWay\v1\public\sandbox-assets\myway\blender-python-builder\9273cf48-3d0a-47be-ab08-c4ea214f401d\preview_back.png'
00:17.609  render           | Saved: 'C:\Users\willc\projects\MyWay\v1\public\sandbox-assets\myway\blender-python-builder\9273cf48-3d0a-47be-ab08-c4ea214f401d\preview_left.png'
00:19.265  render           | Saved: 'C:\Users\willc\projects\MyWay\v1\public\sandbox-assets\myway\blender-python-builder\9273cf48-3d0a-47be-ab08-c4ea214f401d\preview_top.png'
00:20.703  render           | Saved: 'C:\Users\willc\projects\MyWay\v1\public\sandbox-assets\myway\blender-python-builder\9273cf48-3d0a-47be-ab08-c4ea214f401d\preview_clay.png'
00:22.344  render           | Saved: 'C:\Users\willc\projects\MyWay\v1\public\sandbox-assets\myway\blender-python-builder\9273cf48-3d0a-47be-ab08-c4ea214f401d\preview_material_id.png'
00:23.937  render           | Saved: 'C:\Users\willc\projects\MyWay\v1\public\sandbox-assets\myway\blender-python-builder\9273cf48-3d0a-47be-ab08-c4ea214f401d\preview_normals.png'
00:26.031  render           | Saved: 'C:\Users\willc\projects\MyWay\v1\public\sandbox-assets\myway\blender-python-builder\9273cf48-3d0a-47be-ab08-c4ea214f401d\preview_wireframe.png'
00:28.172  render           | Saved: 'C:\Users\willc\projects\MyWay\v1\public\sandbox-assets\myway\blender-python-builder\9273cf48-3d0a-47be-ab08-c4ea214f401d\preview_dimensions.png'

MYWAY_PREVIEW_COMPLETE:C:\Users\willc\projects\MyWay\v1\public\sandbox-assets\myway\blender-python-builder\9273cf48-3d0a-47be-ab08-c4ea214f401d\preview.png
MYWAY_PREVIEW_COMPLETE:C:\Users\willc\projects\MyWay\v1\public\sandbox-assets\myway\blender-python-builder\9273cf48-3d0a-47be-ab08-c4ea214f401d\preview_front.png
MYWAY_PREVIEW_COMPLETE:C:\Users\willc\projects\MyWay\v1\public\sandbox-assets\myway\blender-python-builder\9273cf48-3d0a-47be-ab08-c4ea214f401d\preview_right.png
MYWAY_PREVIEW_COMPLETE:C:\Users\willc\projects\MyWay\v1\public\sandbox-assets\myway\blender-python-builder\9273cf48-3d0a-47be-ab08-c4ea214f401d\preview_back.png
MYWAY_PREVIEW_COMPLETE:C:\Users\willc\projects\MyWay\v1\public\sandbox-assets\myway\blender-python-builder\9273cf48-3d0a-47be-ab08-c4ea214f401d\preview_left.png
MYWAY_PREVIEW_COMPLETE:C:\Users\willc\projects\MyWay\v1\public\sandbox-assets\myway\blender-python-builder\9273cf48-3d0a-47be-ab08-c4ea214f401d\preview_top.png
MYWAY_PREVIEW_COMPLETE:C:\Users\willc\projects\MyWay\v1\public\sandbox-assets\myway\blender-python-builder\9273cf48-3d0a-47be-ab08-c4ea214f401d\preview_clay.png
MYWAY_PREVIEW_COMPLETE:C:\Users\willc\projects\MyWay\v1\public\sandbox-assets\myway\blender-python-builder\9273cf48-3d0a-47be-ab08-c4ea214f401d\preview_material_id.png
MYWAY_PREVIEW_COMPLETE:C:\Users\willc\projects\MyWay\v1\public\sandbox-assets\myway\blender-python-builder\9273cf48-3d0a-47be-ab08-c4ea214f401d\preview_normals.png
MYWAY_PREVIEW_COMPLETE:C:\Users\willc\projects\MyWay\v1\public\sandbox-assets\myway\blender-python-builder\9273cf48-3d0a-47be-ab08-c4ea214f401d\preview_wireframe.png
MYWAY_PREVIEW_COMPLETE:C:\Users\willc\projects\MyWay\v1\public\sandbox-assets\myway\blender-python-builder\9273cf48-3d0a-47be-ab08-c4ea214f401d\preview_dimensions.png
MYWAY_VALIDATION_COMPLETE:C:\Users\willc\projects\MyWay\v1\public\sandbox-assets\myway\blender-python-builder\9273cf48-3d0a-47be-ab08-c4ea214f401d\validation.json
MYWAY_QUALITY_COMPLETE:C:\Users\willc\projects\MyWay\v1\public\sandbox-assets\myway\blender-python-builder\9273cf48-3d0a-47be-ab08-c4ea214f401d\quality.json
MYWAY_ASSET_BUILD_COMPLETE:C:\Users\willc\projects\MyWay\v1\public\sandbox-assets\myway\blender-python-builder\9273cf48-3d0a-47be-ab08-c4ea214f401d\foundry_treasure_chest.glb
Blender 5.1.2 (hash ec6e62d40fa9 built 2026-05-19 01:37:34)

Blender quit
