MYWAY_PROGRESS:building stylized wooden treasure chest
MYWAY_PROGRESS:creating chest body
MYWAY_PROGRESS:creating curved lid
MYWAY_PROGRESS:creating horizontal bands
MYWAY_PROGRESS:creating vertical corner bands
MYWAY_PROGRESS:creating hinges
MYWAY_PROGRESS:creating lock plate
Info: Applied modifier was not first, result may not be as expected
MYWAY_PROGRESS:creating lock hasp
MYWAY_PROGRESS:creating side handles
MYWAY_PROGRESS:creating corner brackets
MYWAY_PROGRESS:creating rivets
MYWAY_PROGRESS:treasure chest assembly complete
Info: Saved as "treasure_chest_stylized_v1.blend"
INFO Draco mesh compression is available, use library at C:\Program Files\Blender Foundation\Blender 5.1\5.1\scripts\addons_core\io_scene_gltf2\extern_draco.dll
10:58:10 | INFO: Starting glTF 2.0 export
10:58:10 | INFO: Extracting primitive: Cube
10:58:11 | INFO: Primitives created: 1
10:58:11 | INFO: Extracting primitive: Cube.004
10:58:13 | WARNING: More than one shader node tex image used for a texture. The resulting glTF sampler will behave like the first shader node tex image.
10:58:13 | INFO: Primitives created: 1
10:58:13 | INFO: Extracting primitive: Cube.005
10:58:14 | WARNING: More than one shader node tex image used for a texture. The resulting glTF sampler will behave like the first shader node tex image.
10:58:14 | INFO: Primitives created: 1
10:58:14 | INFO: Extracting primitive: Cube.006
10:58:14 | INFO: Primitives created: 1
10:58:14 | INFO: Extracting primitive: Cube.001
10:58:15 | WARNING: More than one shader node tex image used for a texture. The resulting glTF sampler will behave like the first shader node tex image.
10:58:15 | INFO: Primitives created: 1
10:58:15 | INFO: Extracting primitive: Cube.002
10:58:15 | INFO: Primitives created: 1
10:58:15 | INFO: Extracting primitive: Cube.003
10:58:15 | INFO: Primitives created: 1
10:58:15 | INFO: Extracting primitive: Cube.007
10:58:15 | INFO: Primitives created: 1
10:58:15 | INFO: Extracting primitive: Cube.008
10:58:15 | INFO: Primitives created: 1
10:58:15 | INFO: Extracting primitive: Cube.009
10:58:15 | INFO: Primitives created: 1
10:58:15 | INFO: Extracting primitive: Cube.010
10:58:15 | INFO: Primitives created: 1
10:58:15 | INFO: Extracting primitive: Cube.011
10:58:15 | INFO: Primitives created: 1
10:58:15 | INFO: Extracting primitive: Cube.012
10:58:15 | INFO: Primitives created: 1
10:58:15 | INFO: Extracting primitive: Cube.013
10:58:15 | INFO: Primitives created: 1
10:58:15 | INFO: Extracting primitive: Cube.014
10:58:15 | INFO: Primitives created: 1
10:58:15 | INFO: Extracting primitive: Cube.025
10:58:15 | INFO: Primitives created: 1
10:58:15 | INFO: Extracting primitive: Cube.026
10:58:15 | INFO: Primitives created: 1
10:58:15 | INFO: Extracting primitive: Cube.029
10:58:15 | INFO: Primitives created: 1
10:58:15 | INFO: Extracting primitive: Cube.030
10:58:15 | INFO: Primitives created: 1
10:58:15 | INFO: Extracting primitive: Cube.027
10:58:15 | INFO: Primitives created: 1
10:58:15 | INFO: Extracting primitive: Cube.028
10:58:15 | INFO: Primitives created: 1
10:58:15 | INFO: Extracting primitive: Cube.031
10:58:15 | INFO: Primitives created: 1
10:58:15 | INFO: Extracting primitive: Cube.032
10:58:15 | INFO: Primitives created: 1
10:58:15 | INFO: Extracting primitive: Cube.022
10:58:15 | INFO: Primitives created: 1
10:58:15 | INFO: Extracting primitive: Cube.021
10:58:15 | INFO: Primitives created: 1
10:58:15 | INFO: Extracting primitive: Cylinder.004
10:58:15 | INFO: Primitives created: 1
10:58:15 | INFO: Extracting primitive: Cube.024
10:58:15 | INFO: Primitives created: 1
10:58:15 | INFO: Extracting primitive: Cube.023
10:58:15 | INFO: Primitives created: 1
10:58:15 | INFO: Extracting primitive: Cylinder.005
10:58:15 | INFO: Primitives created: 1
10:58:15 | INFO: Extracting primitive: Cube.015
10:58:15 | INFO: Primitives created: 1
10:58:15 | INFO: Extracting primitive: Cube.017
10:58:15 | INFO: Primitives created: 1
10:58:15 | INFO: Extracting primitive: Cylinder
10:58:16 | INFO: Primitives created: 1
10:58:16 | INFO: Extracting primitive: Cylinder.001
10:58:16 | INFO: Primitives created: 1
10:58:16 | INFO: Extracting primitive: Cube.016
10:58:16 | INFO: Primitives created: 1
10:58:16 | INFO: Extracting primitive: Cylinder.002
10:58:16 | INFO: Primitives created: 1
10:58:16 | INFO: Extracting primitive: Cube.018
10:58:16 | INFO: Primitives created: 1
10:58:16 | INFO: Extracting primitive: Torus
10:58:17 | WARNING: More than one shader node tex image used for a texture. The resulting glTF sampler will behave like the first shader node tex image.
10:58:17 | INFO: Primitives created: 1
10:58:17 | INFO: Extracting primitive: Cube.019
10:58:18 | WARNING: More than one shader node tex image used for a texture. The resulting glTF sampler will behave like the first shader node tex image.
10:58:18 | INFO: Primitives created: 1
10:58:18 | INFO: Extracting primitive: Sphere
10:58:19 | WARNING: More than one shader node tex image used for a texture. The resulting glTF sampler will behave like the first shader node tex image.
10:58:19 | INFO: Primitives created: 1
10:58:19 | INFO: Finished glTF 2.0 export in 9.11318588256836 s
00:22.906  render           | Saved: 'C:\Users\willc\projects\MyWay\v1\public\sandbox-assets\myway\blender-python-builder\01158395-41ca-427b-95eb-71ff1b1de389\preview.png'
00:25.172  render           | Saved: 'C:\Users\willc\projects\MyWay\v1\public\sandbox-assets\myway\blender-python-builder\01158395-41ca-427b-95eb-71ff1b1de389\preview_front.png'
00:27.422  render           | Saved: 'C:\Users\willc\projects\MyWay\v1\public\sandbox-assets\myway\blender-python-builder\01158395-41ca-427b-95eb-71ff1b1de389\preview_right.png'
00:29.750  render           | Saved: 'C:\Users\willc\projects\MyWay\v1\public\sandbox-assets\myway\blender-python-builder\01158395-41ca-427b-95eb-71ff1b1de389\preview_back.png'
00:31.609  render           | Saved: 'C:\Users\willc\projects\MyWay\v1\public\sandbox-assets\myway\blender-python-builder\01158395-41ca-427b-95eb-71ff1b1de389\preview_left.png'
00:33.516  render           | Saved: 'C:\Users\willc\projects\MyWay\v1\public\sandbox-assets\myway\blender-python-builder\01158395-41ca-427b-95eb-71ff1b1de389\preview_top.png'
00:35.422  render           | Saved: 'C:\Users\willc\projects\MyWay\v1\public\sandbox-assets\myway\blender-python-builder\01158395-41ca-427b-95eb-71ff1b1de389\preview_clay.png'
00:37.328  render           | Saved: 'C:\Users\willc\projects\MyWay\v1\public\sandbox-assets\myway\blender-python-builder\01158395-41ca-427b-95eb-71ff1b1de389\preview_material_id.png'
00:39.016  render           | Saved: 'C:\Users\willc\projects\MyWay\v1\public\sandbox-assets\myway\blender-python-builder\01158395-41ca-427b-95eb-71ff1b1de389\preview_normals.png'
00:41.328  render           | Saved: 'C:\Users\willc\projects\MyWay\v1\public\sandbox-assets\myway\blender-python-builder\01158395-41ca-427b-95eb-71ff1b1de389\preview_wireframe.png'
00:43.703  render           | Saved: 'C:\Users\willc\projects\MyWay\v1\public\sandbox-assets\myway\blender-python-builder\01158395-41ca-427b-95eb-71ff1b1de389\preview_dimensions.png'

MYWAY_PREVIEW_COMPLETE:C:\Users\willc\projects\MyWay\v1\public\sandbox-assets\myway\blender-python-builder\01158395-41ca-427b-95eb-71ff1b1de389\preview.png
MYWAY_PREVIEW_COMPLETE:C:\Users\willc\projects\MyWay\v1\public\sandbox-assets\myway\blender-python-builder\01158395-41ca-427b-95eb-71ff1b1de389\preview_front.png
MYWAY_PREVIEW_COMPLETE:C:\Users\willc\projects\MyWay\v1\public\sandbox-assets\myway\blender-python-builder\01158395-41ca-427b-95eb-71ff1b1de389\preview_right.png
MYWAY_PREVIEW_COMPLETE:C:\Users\willc\projects\MyWay\v1\public\sandbox-assets\myway\blender-python-builder\01158395-41ca-427b-95eb-71ff1b1de389\preview_back.png
MYWAY_PREVIEW_COMPLETE:C:\Users\willc\projects\MyWay\v1\public\sandbox-assets\myway\blender-python-builder\01158395-41ca-427b-95eb-71ff1b1de389\preview_left.png
MYWAY_PREVIEW_COMPLETE:C:\Users\willc\projects\MyWay\v1\public\sandbox-assets\myway\blender-python-builder\01158395-41ca-427b-95eb-71ff1b1de389\preview_top.png
MYWAY_PREVIEW_COMPLETE:C:\Users\willc\projects\MyWay\v1\public\sandbox-assets\myway\blender-python-builder\01158395-41ca-427b-95eb-71ff1b1de389\preview_clay.png
MYWAY_PREVIEW_COMPLETE:C:\Users\willc\projects\MyWay\v1\public\sandbox-assets\myway\blender-python-builder\01158395-41ca-427b-95eb-71ff1b1de389\preview_material_id.png
MYWAY_PREVIEW_COMPLETE:C:\Users\willc\projects\MyWay\v1\public\sandbox-assets\myway\blender-python-builder\01158395-41ca-427b-95eb-71ff1b1de389\preview_normals.png
MYWAY_PREVIEW_COMPLETE:C:\Users\willc\projects\MyWay\v1\public\sandbox-assets\myway\blender-python-builder\01158395-41ca-427b-95eb-71ff1b1de389\preview_wireframe.png
MYWAY_PREVIEW_COMPLETE:C:\Users\willc\projects\MyWay\v1\public\sandbox-assets\myway\blender-python-builder\01158395-41ca-427b-95eb-71ff1b1de389\preview_dimensions.png
MYWAY_VALIDATION_COMPLETE:C:\Users\willc\projects\MyWay\v1\public\sandbox-assets\myway\blender-python-builder\01158395-41ca-427b-95eb-71ff1b1de389\validation.json
MYWAY_QUALITY_COMPLETE:C:\Users\willc\projects\MyWay\v1\public\sandbox-assets\myway\blender-python-builder\01158395-41ca-427b-95eb-71ff1b1de389\quality.json
MYWAY_ASSET_BUILD_COMPLETE:C:\Users\willc\projects\MyWay\v1\public\sandbox-assets\myway\blender-python-builder\01158395-41ca-427b-95eb-71ff1b1de389\treasure_chest_stylized_v1.glb
Blender 5.1.2 (hash ec6e62d40fa9 built 2026-05-19 01:37:34)

Blender quit
