MYWAY_PROGRESS:building stylized wooden treasure chest
MYWAY_PROGRESS:creating chest body
MYWAY_PROGRESS:creating curved lid
MYWAY_PROGRESS:creating horizontal bands
MYWAY_PROGRESS:creating vertical corner bands
MYWAY_PROGRESS:creating hinges
MYWAY_PROGRESS:creating lock plate
Info: Applied modifier was not first, result may not be as expected
MYWAY_PROGRESS:creating lock hasp
MYWAY_PROGRESS:creating side handles
MYWAY_PROGRESS:creating corner brackets
MYWAY_PROGRESS:creating rivets
MYWAY_PROGRESS:treasure chest assembly complete
MYWAY_UV_WARNING:lid:RuntimeError('Operator bpy.ops.uv.smart_project.poll() failed, context is incorrect')
Info: Saved as "treasure_chest_stylized_v1.blend"
INFO Draco mesh compression is available, use library at C:\Program Files\Blender Foundation\Blender 5.1\5.1\scripts\addons_core\io_scene_gltf2\extern_draco.dll
11:07:55 | INFO: Starting glTF 2.0 export
11:07:55 | INFO: Extracting primitive: lid_mesh
11:07:55 | INFO: Primitives created: 0
11:07:55 | WARNING: Mesh 'lid_mesh' has no primitives and will be omitted.
11:07:55 | INFO: Extracting primitive: Cube
11:07:57 | INFO: Primitives created: 1
11:07:57 | INFO: Extracting primitive: Cube.004
11:07:58 | WARNING: More than one shader node tex image used for a texture. The resulting glTF sampler will behave like the first shader node tex image.
11:07:58 | INFO: Primitives created: 1
11:07:58 | INFO: Extracting primitive: Cube.001
11:07:59 | WARNING: More than one shader node tex image used for a texture. The resulting glTF sampler will behave like the first shader node tex image.
11:07:59 | INFO: Primitives created: 1
11:07:59 | INFO: Extracting primitive: Cube.007
11:08:00 | WARNING: More than one shader node tex image used for a texture. The resulting glTF sampler will behave like the first shader node tex image.
11:08:00 | INFO: Primitives created: 1
11:08:00 | INFO: Extracting primitive: Cube.009
11:08:01 | WARNING: More than one shader node tex image used for a texture. The resulting glTF sampler will behave like the first shader node tex image.
11:08:01 | INFO: Primitives created: 1
11:08:01 | INFO: Extracting primitive: Cube.011
11:08:02 | WARNING: More than one shader node tex image used for a texture. The resulting glTF sampler will behave like the first shader node tex image.
11:08:02 | INFO: Primitives created: 1
11:08:02 | INFO: Extracting primitive: Cube.013
11:08:03 | WARNING: More than one shader node tex image used for a texture. The resulting glTF sampler will behave like the first shader node tex image.
11:08:03 | INFO: Primitives created: 1
11:08:03 | INFO: Extracting primitive: Cube.025
11:08:04 | WARNING: More than one shader node tex image used for a texture. The resulting glTF sampler will behave like the first shader node tex image.
11:08:04 | INFO: Primitives created: 1
11:08:04 | INFO: Extracting primitive: Cube.029
11:08:05 | WARNING: More than one shader node tex image used for a texture. The resulting glTF sampler will behave like the first shader node tex image.
11:08:05 | INFO: Primitives created: 1
11:08:05 | INFO: Extracting primitive: Cube.027
11:08:05 | WARNING: More than one shader node tex image used for a texture. The resulting glTF sampler will behave like the first shader node tex image.
11:08:05 | INFO: Primitives created: 1
11:08:05 | INFO: Extracting primitive: Cube.031
11:08:06 | WARNING: More than one shader node tex image used for a texture. The resulting glTF sampler will behave like the first shader node tex image.
11:08:06 | INFO: Primitives created: 1
11:08:06 | INFO: Extracting primitive: Cube.021
11:08:07 | WARNING: More than one shader node tex image used for a texture. The resulting glTF sampler will behave like the first shader node tex image.
11:08:07 | INFO: Primitives created: 1
11:08:07 | INFO: Extracting primitive: Cube.023
11:08:08 | WARNING: More than one shader node tex image used for a texture. The resulting glTF sampler will behave like the first shader node tex image.
11:08:08 | INFO: Primitives created: 1
11:08:08 | INFO: Extracting primitive: Cylinder
11:08:09 | INFO: Primitives created: 1
11:08:09 | INFO: Extracting primitive: Cylinder.001
11:08:10 | WARNING: More than one shader node tex image used for a texture. The resulting glTF sampler will behave like the first shader node tex image.
11:08:10 | INFO: Primitives created: 1
11:08:10 | INFO: Extracting primitive: Cylinder.002
11:08:11 | WARNING: More than one shader node tex image used for a texture. The resulting glTF sampler will behave like the first shader node tex image.
11:08:11 | INFO: Primitives created: 1
11:08:11 | INFO: Extracting primitive: Torus
11:08:12 | WARNING: More than one shader node tex image used for a texture. The resulting glTF sampler will behave like the first shader node tex image.
11:08:12 | INFO: Primitives created: 1
11:08:12 | INFO: Extracting primitive: Cube.019
11:08:13 | WARNING: More than one shader node tex image used for a texture. The resulting glTF sampler will behave like the first shader node tex image.
11:08:13 | INFO: Primitives created: 1
11:08:13 | INFO: Extracting primitive: Sphere
11:08:14 | WARNING: More than one shader node tex image used for a texture. The resulting glTF sampler will behave like the first shader node tex image.
11:08:14 | INFO: Primitives created: 1
11:08:14 | INFO: Finished glTF 2.0 export in 18.74268388748169 s
00:30.297  render           | Saved: 'C:\Users\willc\projects\MyWay\v1\public\sandbox-assets\myway\blender-python-builder\b663ff24-a162-4417-a46f-223f5abd8549\preview.png'
00:32.172  render           | Saved: 'C:\Users\willc\projects\MyWay\v1\public\sandbox-assets\myway\blender-python-builder\b663ff24-a162-4417-a46f-223f5abd8549\preview_front.png'
00:34.281  render           | Saved: 'C:\Users\willc\projects\MyWay\v1\public\sandbox-assets\myway\blender-python-builder\b663ff24-a162-4417-a46f-223f5abd8549\preview_right.png'
00:36.265  render           | Saved: 'C:\Users\willc\projects\MyWay\v1\public\sandbox-assets\myway\blender-python-builder\b663ff24-a162-4417-a46f-223f5abd8549\preview_back.png'
00:38.187  render           | Saved: 'C:\Users\willc\projects\MyWay\v1\public\sandbox-assets\myway\blender-python-builder\b663ff24-a162-4417-a46f-223f5abd8549\preview_left.png'
00:40.297  render           | Saved: 'C:\Users\willc\projects\MyWay\v1\public\sandbox-assets\myway\blender-python-builder\b663ff24-a162-4417-a46f-223f5abd8549\preview_top.png'
00:42.312  render           | Saved: 'C:\Users\willc\projects\MyWay\v1\public\sandbox-assets\myway\blender-python-builder\b663ff24-a162-4417-a46f-223f5abd8549\preview_clay.png'
00:44.250  render           | Saved: 'C:\Users\willc\projects\MyWay\v1\public\sandbox-assets\myway\blender-python-builder\b663ff24-a162-4417-a46f-223f5abd8549\preview_material_id.png'
00:46.047  render           | Saved: 'C:\Users\willc\projects\MyWay\v1\public\sandbox-assets\myway\blender-python-builder\b663ff24-a162-4417-a46f-223f5abd8549\preview_normals.png'
00:48.281  render           | Saved: 'C:\Users\willc\projects\MyWay\v1\public\sandbox-assets\myway\blender-python-builder\b663ff24-a162-4417-a46f-223f5abd8549\preview_wireframe.png'
00:50.281  render           | Saved: 'C:\Users\willc\projects\MyWay\v1\public\sandbox-assets\myway\blender-python-builder\b663ff24-a162-4417-a46f-223f5abd8549\preview_dimensions.png'

MYWAY_PREVIEW_COMPLETE:C:\Users\willc\projects\MyWay\v1\public\sandbox-assets\myway\blender-python-builder\b663ff24-a162-4417-a46f-223f5abd8549\preview.png
MYWAY_PREVIEW_COMPLETE:C:\Users\willc\projects\MyWay\v1\public\sandbox-assets\myway\blender-python-builder\b663ff24-a162-4417-a46f-223f5abd8549\preview_front.png
MYWAY_PREVIEW_COMPLETE:C:\Users\willc\projects\MyWay\v1\public\sandbox-assets\myway\blender-python-builder\b663ff24-a162-4417-a46f-223f5abd8549\preview_right.png
MYWAY_PREVIEW_COMPLETE:C:\Users\willc\projects\MyWay\v1\public\sandbox-assets\myway\blender-python-builder\b663ff24-a162-4417-a46f-223f5abd8549\preview_back.png
MYWAY_PREVIEW_COMPLETE:C:\Users\willc\projects\MyWay\v1\public\sandbox-assets\myway\blender-python-builder\b663ff24-a162-4417-a46f-223f5abd8549\preview_left.png
MYWAY_PREVIEW_COMPLETE:C:\Users\willc\projects\MyWay\v1\public\sandbox-assets\myway\blender-python-builder\b663ff24-a162-4417-a46f-223f5abd8549\preview_top.png
MYWAY_PREVIEW_COMPLETE:C:\Users\willc\projects\MyWay\v1\public\sandbox-assets\myway\blender-python-builder\b663ff24-a162-4417-a46f-223f5abd8549\preview_clay.png
MYWAY_PREVIEW_COMPLETE:C:\Users\willc\projects\MyWay\v1\public\sandbox-assets\myway\blender-python-builder\b663ff24-a162-4417-a46f-223f5abd8549\preview_material_id.png
MYWAY_PREVIEW_COMPLETE:C:\Users\willc\projects\MyWay\v1\public\sandbox-assets\myway\blender-python-builder\b663ff24-a162-4417-a46f-223f5abd8549\preview_normals.png
MYWAY_PREVIEW_COMPLETE:C:\Users\willc\projects\MyWay\v1\public\sandbox-assets\myway\blender-python-builder\b663ff24-a162-4417-a46f-223f5abd8549\preview_wireframe.png
MYWAY_PREVIEW_COMPLETE:C:\Users\willc\projects\MyWay\v1\public\sandbox-assets\myway\blender-python-builder\b663ff24-a162-4417-a46f-223f5abd8549\preview_dimensions.png
MYWAY_VALIDATION_COMPLETE:C:\Users\willc\projects\MyWay\v1\public\sandbox-assets\myway\blender-python-builder\b663ff24-a162-4417-a46f-223f5abd8549\validation.json
MYWAY_QUALITY_COMPLETE:C:\Users\willc\projects\MyWay\v1\public\sandbox-assets\myway\blender-python-builder\b663ff24-a162-4417-a46f-223f5abd8549\quality.json
MYWAY_ASSET_BUILD_COMPLETE:C:\Users\willc\projects\MyWay\v1\public\sandbox-assets\myway\blender-python-builder\b663ff24-a162-4417-a46f-223f5abd8549\treasure_chest_stylized_v1.glb
Blender 5.1.2 (hash ec6e62d40fa9 built 2026-05-19 01:37:34)

Blender quit
