MYWAY_PROGRESS:establishing coordinate frame and semantic root
MYWAY_PROGRESS:creating semantic materials
MYWAY_PROGRESS:creating primary seated body masses
MYWAY_PROGRESS:forming ears and facial structure
MYWAY_PROGRESS:building chest ruff, front legs, and grounded paws
MYWAY_PROGRESS:sweeping the thick curled tail around the paws
MYWAY_PROGRESS:adding exportable fluffy silhouette clumps
MYWAY_PROGRESS:creating facial whiskers and final semantic details
MYWAY_PROGRESS:finalizing organic geometry and hierarchy
MYWAY_PROGRESS:normalizing completed fluffy orange cat
Info: Saved as "foundry_treasure_chest.blend"
INFO Draco mesh compression is available, use library at C:\Program Files\Blender Foundation\Blender 5.1\5.1\scripts\addons_core\io_scene_gltf2\extern_draco.dll
17:32:37 | INFO: Starting glTF 2.0 export
17:32:38 | INFO: Extracting primitive: Sphere
17:32:38 | INFO: Primitives created: 1
17:32:38 | INFO: Extracting primitive: Sphere.011
17:32:38 | INFO: Primitives created: 1
17:32:38 | INFO: Extracting primitive: chest_ruff_tuft_01_mesh
17:32:38 | INFO: Primitives created: 1
17:32:38 | INFO: Extracting primitive: chest_ruff_tuft_02_mesh
17:32:38 | INFO: Primitives created: 1
17:32:38 | INFO: Extracting primitive: chest_ruff_tuft_03_mesh
17:32:38 | INFO: Primitives created: 1
17:32:38 | INFO: Extracting primitive: chest_ruff_tuft_04_mesh
17:32:38 | INFO: Primitives created: 1
17:32:38 | INFO: Extracting primitive: chest_ruff_tuft_05_mesh
17:32:38 | INFO: Primitives created: 1
17:32:38 | INFO: Extracting primitive: chest_ruff_tuft_06_mesh
17:32:38 | INFO: Primitives created: 1
17:32:38 | INFO: Extracting primitive: chest_ruff_tuft_07_mesh
17:32:38 | INFO: Primitives created: 1
17:32:38 | INFO: Extracting primitive: fluffy_fur_coat_mesh
17:32:38 | INFO: Primitives created: 1
17:32:38 | INFO: Extracting primitive: Sphere.004
17:32:38 | INFO: Primitives created: 1
17:32:38 | INFO: Extracting primitive: left_ear_mesh
17:32:38 | INFO: Primitives created: 1
17:32:38 | INFO: Extracting primitive: left_inner_ear_region_mesh
17:32:38 | INFO: Primitives created: 1
17:32:38 | INFO: Extracting primitive: Sphere.005
17:32:38 | INFO: Primitives created: 1
17:32:38 | INFO: Extracting primitive: Sphere.007
17:32:38 | INFO: Primitives created: 1
17:32:38 | INFO: Extracting primitive: right_ear_mesh
17:32:38 | INFO: Primitives created: 1
17:32:38 | INFO: Extracting primitive: right_inner_ear_region_mesh
17:32:38 | INFO: Primitives created: 1
17:32:38 | INFO: Extracting primitive: Sphere.006
17:32:38 | INFO: Primitives created: 1
17:32:38 | INFO: Extracting primitive: Sphere.008
17:32:38 | INFO: Primitives created: 1
17:32:38 | INFO: Extracting primitive: Sphere.009
17:32:38 | INFO: Primitives created: 1
17:32:38 | INFO: Extracting primitive: Sphere.010
17:32:38 | INFO: Primitives created: 1
17:32:38 | INFO: Extracting primitive: nose_mesh
17:32:38 | INFO: Primitives created: 1
17:32:38 | INFO: Extracting primitive: whisker_left_01_mesh
17:32:38 | INFO: Primitives created: 1
17:32:38 | INFO: Extracting primitive: Sphere.012
17:32:38 | INFO: Primitives created: 1
17:32:38 | INFO: Extracting primitive: Sphere.014
17:32:38 | INFO: Primitives created: 1
17:32:38 | INFO: Extracting primitive: Sphere.016
17:32:38 | INFO: Primitives created: 1
17:32:38 | INFO: Extracting primitive: Sphere.017
17:32:38 | INFO: Primitives created: 1
17:32:38 | INFO: Extracting primitive: Sphere.018
17:32:38 | INFO: Primitives created: 1
17:32:38 | INFO: Extracting primitive: Sphere.002
17:32:38 | INFO: Primitives created: 1
17:32:38 | INFO: Extracting primitive: Sphere.001
17:32:38 | INFO: Primitives created: 1
17:32:38 | INFO: Extracting primitive: Sphere.013
17:32:38 | INFO: Primitives created: 1
17:32:38 | INFO: Extracting primitive: Sphere.015
17:32:38 | INFO: Primitives created: 1
17:32:38 | INFO: Extracting primitive: Sphere.019
17:32:38 | INFO: Primitives created: 1
17:32:38 | INFO: Extracting primitive: Sphere.020
17:32:38 | INFO: Primitives created: 1
17:32:38 | INFO: Extracting primitive: Sphere.021
17:32:38 | INFO: Primitives created: 1
17:32:38 | INFO: Extracting primitive: Sphere.003
17:32:38 | INFO: Primitives created: 1
17:32:38 | INFO: Extracting primitive: tail_mesh
17:32:38 | INFO: Primitives created: 1
17:32:38 | INFO: Finished glTF 2.0 export in 0.4413473606109619 s
00:12.218  render           | Saved: 'C:\Users\willc\projects\MyWay\v1\public\sandbox-assets\myway\blender-python-builder\a5e19e3e-4f24-4d28-a82f-41021acefa7e\preview.png'
00:14.265  render           | Saved: 'C:\Users\willc\projects\MyWay\v1\public\sandbox-assets\myway\blender-python-builder\a5e19e3e-4f24-4d28-a82f-41021acefa7e\preview_front.png'
00:16.297  render           | Saved: 'C:\Users\willc\projects\MyWay\v1\public\sandbox-assets\myway\blender-python-builder\a5e19e3e-4f24-4d28-a82f-41021acefa7e\preview_right.png'
00:18.359  render           | Saved: 'C:\Users\willc\projects\MyWay\v1\public\sandbox-assets\myway\blender-python-builder\a5e19e3e-4f24-4d28-a82f-41021acefa7e\preview_back.png'
00:20.109  render           | Saved: 'C:\Users\willc\projects\MyWay\v1\public\sandbox-assets\myway\blender-python-builder\a5e19e3e-4f24-4d28-a82f-41021acefa7e\preview_left.png'
00:21.953  render           | Saved: 'C:\Users\willc\projects\MyWay\v1\public\sandbox-assets\myway\blender-python-builder\a5e19e3e-4f24-4d28-a82f-41021acefa7e\preview_top.png'
00:24.515  render           | Saved: 'C:\Users\willc\projects\MyWay\v1\public\sandbox-assets\myway\blender-python-builder\a5e19e3e-4f24-4d28-a82f-41021acefa7e\preview_clay.png'
00:26.250  render           | Saved: 'C:\Users\willc\projects\MyWay\v1\public\sandbox-assets\myway\blender-python-builder\a5e19e3e-4f24-4d28-a82f-41021acefa7e\preview_material_id.png'
00:27.703  render           | Saved: 'C:\Users\willc\projects\MyWay\v1\public\sandbox-assets\myway\blender-python-builder\a5e19e3e-4f24-4d28-a82f-41021acefa7e\preview_normals.png'
00:29.656  render           | Saved: 'C:\Users\willc\projects\MyWay\v1\public\sandbox-assets\myway\blender-python-builder\a5e19e3e-4f24-4d28-a82f-41021acefa7e\preview_wireframe.png'
00:31.890  render           | Saved: 'C:\Users\willc\projects\MyWay\v1\public\sandbox-assets\myway\blender-python-builder\a5e19e3e-4f24-4d28-a82f-41021acefa7e\preview_dimensions.png'

MYWAY_PREVIEW_COMPLETE:C:\Users\willc\projects\MyWay\v1\public\sandbox-assets\myway\blender-python-builder\a5e19e3e-4f24-4d28-a82f-41021acefa7e\preview.png
MYWAY_PREVIEW_COMPLETE:C:\Users\willc\projects\MyWay\v1\public\sandbox-assets\myway\blender-python-builder\a5e19e3e-4f24-4d28-a82f-41021acefa7e\preview_front.png
MYWAY_PREVIEW_COMPLETE:C:\Users\willc\projects\MyWay\v1\public\sandbox-assets\myway\blender-python-builder\a5e19e3e-4f24-4d28-a82f-41021acefa7e\preview_right.png
MYWAY_PREVIEW_COMPLETE:C:\Users\willc\projects\MyWay\v1\public\sandbox-assets\myway\blender-python-builder\a5e19e3e-4f24-4d28-a82f-41021acefa7e\preview_back.png
MYWAY_PREVIEW_COMPLETE:C:\Users\willc\projects\MyWay\v1\public\sandbox-assets\myway\blender-python-builder\a5e19e3e-4f24-4d28-a82f-41021acefa7e\preview_left.png
MYWAY_PREVIEW_COMPLETE:C:\Users\willc\projects\MyWay\v1\public\sandbox-assets\myway\blender-python-builder\a5e19e3e-4f24-4d28-a82f-41021acefa7e\preview_top.png
MYWAY_PREVIEW_COMPLETE:C:\Users\willc\projects\MyWay\v1\public\sandbox-assets\myway\blender-python-builder\a5e19e3e-4f24-4d28-a82f-41021acefa7e\preview_clay.png
MYWAY_PREVIEW_COMPLETE:C:\Users\willc\projects\MyWay\v1\public\sandbox-assets\myway\blender-python-builder\a5e19e3e-4f24-4d28-a82f-41021acefa7e\preview_material_id.png
MYWAY_PREVIEW_COMPLETE:C:\Users\willc\projects\MyWay\v1\public\sandbox-assets\myway\blender-python-builder\a5e19e3e-4f24-4d28-a82f-41021acefa7e\preview_normals.png
MYWAY_PREVIEW_COMPLETE:C:\Users\willc\projects\MyWay\v1\public\sandbox-assets\myway\blender-python-builder\a5e19e3e-4f24-4d28-a82f-41021acefa7e\preview_wireframe.png
MYWAY_PREVIEW_COMPLETE:C:\Users\willc\projects\MyWay\v1\public\sandbox-assets\myway\blender-python-builder\a5e19e3e-4f24-4d28-a82f-41021acefa7e\preview_dimensions.png
MYWAY_VALIDATION_COMPLETE:C:\Users\willc\projects\MyWay\v1\public\sandbox-assets\myway\blender-python-builder\a5e19e3e-4f24-4d28-a82f-41021acefa7e\validation.json
MYWAY_QUALITY_COMPLETE:C:\Users\willc\projects\MyWay\v1\public\sandbox-assets\myway\blender-python-builder\a5e19e3e-4f24-4d28-a82f-41021acefa7e\quality.json
MYWAY_ASSET_BUILD_COMPLETE:C:\Users\willc\projects\MyWay\v1\public\sandbox-assets\myway\blender-python-builder\a5e19e3e-4f24-4d28-a82f-41021acefa7e\foundry_treasure_chest.glb
Blender 5.1.2 (hash ec6e62d40fa9 built 2026-05-19 01:37:34)

Blender quit
