MYWAY_PROGRESS:building reference-matched mechanical desk fan
MYWAY_PROGRESS:creating weighted base and support column
MYWAY_PROGRESS:creating support yoke and tilt pivots
MYWAY_PROGRESS:creating motor housing and rear control knob
MYWAY_PROGRESS:creating rotor hub and three swept blades
MYWAY_PROGRESS:creating front and rear wire cages
MYWAY_PROGRESS:mechanical desk fan reference build complete
Info: Saved as "foundry_treasure_chest.blend"
INFO Draco mesh compression is available, use library at C:\Program Files\Blender Foundation\Blender 5.1\5.1\scripts\addons_core\io_scene_gltf2\extern_draco.dll
11:52:02 | INFO: Starting glTF 2.0 export
11:52:02 | INFO: Extracting primitive: Cylinder
11:52:02 | INFO: Primitives created: 1
11:52:02 | INFO: Extracting primitive: Cylinder.001
11:52:02 | INFO: Primitives created: 1
11:52:02 | INFO: Extracting primitive: Cylinder.002
11:52:02 | INFO: Primitives created: 1
11:52:03 | INFO: Extracting primitive: Cylinder.041
11:52:03 | INFO: Primitives created: 1
11:52:03 | INFO: Extracting primitive: Torus.004
11:52:03 | INFO: Primitives created: 1
11:52:03 | INFO: Extracting primitive: Torus.005
11:52:03 | INFO: Primitives created: 1
11:52:03 | INFO: Extracting primitive: Torus.006
11:52:03 | INFO: Primitives created: 1
11:52:03 | INFO: Extracting primitive: Torus.007
11:52:03 | INFO: Primitives created: 1
11:52:03 | INFO: Extracting primitive: Cylinder.049
11:52:03 | INFO: Primitives created: 1
11:52:03 | INFO: Extracting primitive: Cylinder.011
11:52:03 | INFO: Primitives created: 1
11:52:03 | INFO: Extracting primitive: Cylinder.010
11:52:03 | INFO: Primitives created: 1
11:52:03 | INFO: Extracting primitive: Cylinder.012
11:52:03 | INFO: Primitives created: 1
11:52:03 | INFO: Extracting primitive: Torus
11:52:03 | INFO: Primitives created: 1
11:52:03 | INFO: Extracting primitive: Torus.001
11:52:03 | INFO: Primitives created: 1
11:52:03 | INFO: Extracting primitive: Torus.002
11:52:03 | INFO: Primitives created: 1
11:52:03 | INFO: Extracting primitive: Torus.003
11:52:03 | INFO: Primitives created: 1
11:52:03 | INFO: Extracting primitive: Torus.014
11:52:03 | INFO: Primitives created: 1
11:52:03 | INFO: Extracting primitive: Cylinder.013
11:52:03 | INFO: Primitives created: 1
11:52:03 | INFO: Extracting primitive: blade_01_mesh
11:52:03 | INFO: Primitives created: 1
11:52:03 | INFO: Extracting primitive: blade_02_mesh
11:52:03 | INFO: Primitives created: 1
11:52:03 | INFO: Extracting primitive: blade_03_mesh
11:52:03 | INFO: Primitives created: 1
11:52:03 | INFO: Extracting primitive: Cylinder.015
11:52:03 | INFO: Primitives created: 1
11:52:03 | INFO: Extracting primitive: Cylinder.016
11:52:03 | INFO: Primitives created: 1
11:52:03 | INFO: Extracting primitive: Cylinder.014
11:52:03 | INFO: Primitives created: 1
11:52:03 | INFO: Extracting primitive: Cylinder.003
11:52:03 | INFO: Primitives created: 1
11:52:03 | INFO: Extracting primitive: Cylinder.004
11:52:03 | INFO: Primitives created: 1
11:52:03 | INFO: Extracting primitive: Cylinder.005
11:52:03 | INFO: Primitives created: 1
11:52:03 | INFO: Extracting primitive: Cube
11:52:03 | INFO: Primitives created: 1
11:52:03 | INFO: Extracting primitive: Cylinder.006
11:52:03 | INFO: Primitives created: 1
11:52:03 | INFO: Extracting primitive: Cylinder.008
11:52:03 | INFO: Primitives created: 1
11:52:03 | INFO: Extracting primitive: Cylinder.007
11:52:03 | INFO: Primitives created: 1
11:52:03 | INFO: Extracting primitive: Cylinder.009
11:52:03 | INFO: Primitives created: 1
11:52:03 | INFO: Finished glTF 2.0 export in 0.37821507453918457 s
00:12.094  render           | Saved: 'C:\Users\willc\projects\MyWay\v1\public\sandbox-assets\myway\blender-python-builder\0453ed9d-5629-443d-bd05-6d7e45741dec\preview.png'
00:13.937  render           | Saved: 'C:\Users\willc\projects\MyWay\v1\public\sandbox-assets\myway\blender-python-builder\0453ed9d-5629-443d-bd05-6d7e45741dec\preview_front.png'
00:15.390  render           | Saved: 'C:\Users\willc\projects\MyWay\v1\public\sandbox-assets\myway\blender-python-builder\0453ed9d-5629-443d-bd05-6d7e45741dec\preview_right.png'
00:17.015  render           | Saved: 'C:\Users\willc\projects\MyWay\v1\public\sandbox-assets\myway\blender-python-builder\0453ed9d-5629-443d-bd05-6d7e45741dec\preview_back.png'
00:18.703  render           | Saved: 'C:\Users\willc\projects\MyWay\v1\public\sandbox-assets\myway\blender-python-builder\0453ed9d-5629-443d-bd05-6d7e45741dec\preview_left.png'
00:20.640  render           | Saved: 'C:\Users\willc\projects\MyWay\v1\public\sandbox-assets\myway\blender-python-builder\0453ed9d-5629-443d-bd05-6d7e45741dec\preview_top.png'
00:22.234  render           | Saved: 'C:\Users\willc\projects\MyWay\v1\public\sandbox-assets\myway\blender-python-builder\0453ed9d-5629-443d-bd05-6d7e45741dec\preview_clay.png'
00:23.937  render           | Saved: 'C:\Users\willc\projects\MyWay\v1\public\sandbox-assets\myway\blender-python-builder\0453ed9d-5629-443d-bd05-6d7e45741dec\preview_material_id.png'
00:25.578  render           | Saved: 'C:\Users\willc\projects\MyWay\v1\public\sandbox-assets\myway\blender-python-builder\0453ed9d-5629-443d-bd05-6d7e45741dec\preview_normals.png'
00:27.922  render           | Saved: 'C:\Users\willc\projects\MyWay\v1\public\sandbox-assets\myway\blender-python-builder\0453ed9d-5629-443d-bd05-6d7e45741dec\preview_wireframe.png'
00:29.734  render           | Saved: 'C:\Users\willc\projects\MyWay\v1\public\sandbox-assets\myway\blender-python-builder\0453ed9d-5629-443d-bd05-6d7e45741dec\preview_dimensions.png'

MYWAY_PREVIEW_COMPLETE:C:\Users\willc\projects\MyWay\v1\public\sandbox-assets\myway\blender-python-builder\0453ed9d-5629-443d-bd05-6d7e45741dec\preview.png
MYWAY_PREVIEW_COMPLETE:C:\Users\willc\projects\MyWay\v1\public\sandbox-assets\myway\blender-python-builder\0453ed9d-5629-443d-bd05-6d7e45741dec\preview_front.png
MYWAY_PREVIEW_COMPLETE:C:\Users\willc\projects\MyWay\v1\public\sandbox-assets\myway\blender-python-builder\0453ed9d-5629-443d-bd05-6d7e45741dec\preview_right.png
MYWAY_PREVIEW_COMPLETE:C:\Users\willc\projects\MyWay\v1\public\sandbox-assets\myway\blender-python-builder\0453ed9d-5629-443d-bd05-6d7e45741dec\preview_back.png
MYWAY_PREVIEW_COMPLETE:C:\Users\willc\projects\MyWay\v1\public\sandbox-assets\myway\blender-python-builder\0453ed9d-5629-443d-bd05-6d7e45741dec\preview_left.png
MYWAY_PREVIEW_COMPLETE:C:\Users\willc\projects\MyWay\v1\public\sandbox-assets\myway\blender-python-builder\0453ed9d-5629-443d-bd05-6d7e45741dec\preview_top.png
MYWAY_PREVIEW_COMPLETE:C:\Users\willc\projects\MyWay\v1\public\sandbox-assets\myway\blender-python-builder\0453ed9d-5629-443d-bd05-6d7e45741dec\preview_clay.png
MYWAY_PREVIEW_COMPLETE:C:\Users\willc\projects\MyWay\v1\public\sandbox-assets\myway\blender-python-builder\0453ed9d-5629-443d-bd05-6d7e45741dec\preview_material_id.png
MYWAY_PREVIEW_COMPLETE:C:\Users\willc\projects\MyWay\v1\public\sandbox-assets\myway\blender-python-builder\0453ed9d-5629-443d-bd05-6d7e45741dec\preview_normals.png
MYWAY_PREVIEW_COMPLETE:C:\Users\willc\projects\MyWay\v1\public\sandbox-assets\myway\blender-python-builder\0453ed9d-5629-443d-bd05-6d7e45741dec\preview_wireframe.png
MYWAY_PREVIEW_COMPLETE:C:\Users\willc\projects\MyWay\v1\public\sandbox-assets\myway\blender-python-builder\0453ed9d-5629-443d-bd05-6d7e45741dec\preview_dimensions.png
MYWAY_VALIDATION_COMPLETE:C:\Users\willc\projects\MyWay\v1\public\sandbox-assets\myway\blender-python-builder\0453ed9d-5629-443d-bd05-6d7e45741dec\validation.json
MYWAY_QUALITY_COMPLETE:C:\Users\willc\projects\MyWay\v1\public\sandbox-assets\myway\blender-python-builder\0453ed9d-5629-443d-bd05-6d7e45741dec\quality.json
MYWAY_ASSET_BUILD_COMPLETE:C:\Users\willc\projects\MyWay\v1\public\sandbox-assets\myway\blender-python-builder\0453ed9d-5629-443d-bd05-6d7e45741dec\foundry_treasure_chest.glb
Blender 5.1.2 (hash ec6e62d40fa9 built 2026-05-19 01:37:34)

Blender quit
