MYWAY_PROGRESS:building native vintage camera
MYWAY_PROGRESS:native vintage camera geometry complete
Info: Saved as "native_vintage_camera_cloud_proof.blend"
INFO Draco mesh compression is available, use library at C:\Program Files\Blender Foundation\Blender 5.1\5.1\scripts\addons_core\io_scene_gltf2\extern_draco.dll
12:20:32 | INFO: Starting glTF 2.0 export
12:20:32 | INFO: Extracting primitive: Cube.011
12:20:32 | INFO: Primitives created: 1
12:20:32 | INFO: Extracting primitive: Cube.003
12:20:32 | INFO: Primitives created: 1
12:20:32 | INFO: Extracting primitive: Cube
12:20:32 | INFO: Primitives created: 1
12:20:32 | INFO: Extracting primitive: Cube.012
12:20:32 | INFO: Primitives created: 1
12:20:32 | INFO: Extracting primitive: Cylinder.002
12:20:32 | INFO: Primitives created: 1
12:20:32 | INFO: Extracting primitive: Cylinder.006
12:20:32 | INFO: Primitives created: 1
12:20:32 | INFO: Extracting primitive: Cylinder.005
12:20:32 | INFO: Primitives created: 1
12:20:32 | INFO: Extracting primitive: Cube.002
12:20:32 | INFO: Primitives created: 1
12:20:32 | INFO: Extracting primitive: Cylinder.004
12:20:32 | INFO: Primitives created: 1
12:20:32 | INFO: Extracting primitive: Cube.010
12:20:32 | INFO: Primitives created: 1
12:20:32 | INFO: Extracting primitive: Cylinder.007
12:20:32 | INFO: Primitives created: 1
12:20:32 | INFO: Extracting primitive: Cylinder.001
12:20:32 | INFO: Primitives created: 1
12:20:32 | INFO: Extracting primitive: Cylinder.003
12:20:32 | INFO: Primitives created: 1
12:20:32 | INFO: Extracting primitive: Torus
12:20:32 | INFO: Primitives created: 1
12:20:32 | INFO: Extracting primitive: Torus.001
12:20:32 | INFO: Primitives created: 1
12:20:32 | INFO: Extracting primitive: Torus.002
12:20:32 | INFO: Primitives created: 1
12:20:32 | INFO: Extracting primitive: Cylinder
12:20:32 | INFO: Primitives created: 1
12:20:32 | INFO: Extracting primitive: Cube.008
12:20:32 | INFO: Primitives created: 1
12:20:32 | INFO: Extracting primitive: Cube.009
12:20:32 | INFO: Primitives created: 1
12:20:32 | INFO: Extracting primitive: Cylinder.008
12:20:32 | INFO: Primitives created: 1
12:20:32 | INFO: Extracting primitive: Cylinder.009
12:20:32 | INFO: Primitives created: 1
12:20:32 | INFO: Extracting primitive: Sphere
12:20:32 | INFO: Primitives created: 1
12:20:32 | INFO: Extracting primitive: Sphere.001
12:20:32 | INFO: Primitives created: 1
12:20:32 | INFO: Extracting primitive: Sphere.002
12:20:32 | INFO: Primitives created: 1
12:20:32 | INFO: Extracting primitive: Sphere.003
12:20:32 | INFO: Primitives created: 1
12:20:32 | INFO: Extracting primitive: Cylinder.013
12:20:32 | INFO: Primitives created: 1
12:20:32 | INFO: Extracting primitive: Cylinder.012
12:20:32 | INFO: Primitives created: 1
12:20:32 | INFO: Extracting primitive: Cylinder.010
12:20:32 | INFO: Primitives created: 1
12:20:32 | INFO: Extracting primitive: Cylinder.011
12:20:32 | INFO: Primitives created: 1
12:20:32 | INFO: Extracting primitive: Cube.004
12:20:32 | INFO: Primitives created: 1
12:20:32 | INFO: Extracting primitive: Cube.005
12:20:32 | INFO: Primitives created: 1
12:20:32 | INFO: Extracting primitive: Torus.003
12:20:32 | INFO: Primitives created: 1
12:20:32 | INFO: Extracting primitive: Torus.004
12:20:32 | INFO: Primitives created: 1
12:20:32 | INFO: Extracting primitive: Cube.001
12:20:32 | INFO: Primitives created: 1
12:20:32 | INFO: Extracting primitive: Cylinder.014
12:20:32 | INFO: Primitives created: 1
12:20:32 | INFO: Extracting primitive: Cube.006
12:20:32 | INFO: Primitives created: 1
12:20:32 | INFO: Extracting primitive: Cube.007
12:20:32 | INFO: Primitives created: 1
12:20:32 | INFO: Finished glTF 2.0 export in 0.5043995380401611 s
00:13.484  render           | Saved: 'C:\Users\willc\projects\MyWay\v1\public\sandbox-assets\myway\blender-python-builder\f9a23309-c88b-4056-a908-264fbccab645\preview.png'
00:15.422  render           | Saved: 'C:\Users\willc\projects\MyWay\v1\public\sandbox-assets\myway\blender-python-builder\f9a23309-c88b-4056-a908-264fbccab645\preview_front.png'
00:16.953  render           | Saved: 'C:\Users\willc\projects\MyWay\v1\public\sandbox-assets\myway\blender-python-builder\f9a23309-c88b-4056-a908-264fbccab645\preview_right.png'
00:18.578  render           | Saved: 'C:\Users\willc\projects\MyWay\v1\public\sandbox-assets\myway\blender-python-builder\f9a23309-c88b-4056-a908-264fbccab645\preview_back.png'
00:20.125  render           | Saved: 'C:\Users\willc\projects\MyWay\v1\public\sandbox-assets\myway\blender-python-builder\f9a23309-c88b-4056-a908-264fbccab645\preview_left.png'
00:21.734  render           | Saved: 'C:\Users\willc\projects\MyWay\v1\public\sandbox-assets\myway\blender-python-builder\f9a23309-c88b-4056-a908-264fbccab645\preview_top.png'
00:23.547  render           | Saved: 'C:\Users\willc\projects\MyWay\v1\public\sandbox-assets\myway\blender-python-builder\f9a23309-c88b-4056-a908-264fbccab645\preview_clay.png'
00:25.203  render           | Saved: 'C:\Users\willc\projects\MyWay\v1\public\sandbox-assets\myway\blender-python-builder\f9a23309-c88b-4056-a908-264fbccab645\preview_material_id.png'
00:26.687  render           | Saved: 'C:\Users\willc\projects\MyWay\v1\public\sandbox-assets\myway\blender-python-builder\f9a23309-c88b-4056-a908-264fbccab645\preview_normals.png'
00:28.641  render           | Saved: 'C:\Users\willc\projects\MyWay\v1\public\sandbox-assets\myway\blender-python-builder\f9a23309-c88b-4056-a908-264fbccab645\preview_wireframe.png'
00:30.891  render           | Saved: 'C:\Users\willc\projects\MyWay\v1\public\sandbox-assets\myway\blender-python-builder\f9a23309-c88b-4056-a908-264fbccab645\preview_dimensions.png'

MYWAY_PREVIEW_COMPLETE:C:\Users\willc\projects\MyWay\v1\public\sandbox-assets\myway\blender-python-builder\f9a23309-c88b-4056-a908-264fbccab645\preview.png
MYWAY_PREVIEW_COMPLETE:C:\Users\willc\projects\MyWay\v1\public\sandbox-assets\myway\blender-python-builder\f9a23309-c88b-4056-a908-264fbccab645\preview_front.png
MYWAY_PREVIEW_COMPLETE:C:\Users\willc\projects\MyWay\v1\public\sandbox-assets\myway\blender-python-builder\f9a23309-c88b-4056-a908-264fbccab645\preview_right.png
MYWAY_PREVIEW_COMPLETE:C:\Users\willc\projects\MyWay\v1\public\sandbox-assets\myway\blender-python-builder\f9a23309-c88b-4056-a908-264fbccab645\preview_back.png
MYWAY_PREVIEW_COMPLETE:C:\Users\willc\projects\MyWay\v1\public\sandbox-assets\myway\blender-python-builder\f9a23309-c88b-4056-a908-264fbccab645\preview_left.png
MYWAY_PREVIEW_COMPLETE:C:\Users\willc\projects\MyWay\v1\public\sandbox-assets\myway\blender-python-builder\f9a23309-c88b-4056-a908-264fbccab645\preview_top.png
MYWAY_PREVIEW_COMPLETE:C:\Users\willc\projects\MyWay\v1\public\sandbox-assets\myway\blender-python-builder\f9a23309-c88b-4056-a908-264fbccab645\preview_clay.png
MYWAY_PREVIEW_COMPLETE:C:\Users\willc\projects\MyWay\v1\public\sandbox-assets\myway\blender-python-builder\f9a23309-c88b-4056-a908-264fbccab645\preview_material_id.png
MYWAY_PREVIEW_COMPLETE:C:\Users\willc\projects\MyWay\v1\public\sandbox-assets\myway\blender-python-builder\f9a23309-c88b-4056-a908-264fbccab645\preview_normals.png
MYWAY_PREVIEW_COMPLETE:C:\Users\willc\projects\MyWay\v1\public\sandbox-assets\myway\blender-python-builder\f9a23309-c88b-4056-a908-264fbccab645\preview_wireframe.png
MYWAY_PREVIEW_COMPLETE:C:\Users\willc\projects\MyWay\v1\public\sandbox-assets\myway\blender-python-builder\f9a23309-c88b-4056-a908-264fbccab645\preview_dimensions.png
MYWAY_VALIDATION_COMPLETE:C:\Users\willc\projects\MyWay\v1\public\sandbox-assets\myway\blender-python-builder\f9a23309-c88b-4056-a908-264fbccab645\validation.json
MYWAY_QUALITY_COMPLETE:C:\Users\willc\projects\MyWay\v1\public\sandbox-assets\myway\blender-python-builder\f9a23309-c88b-4056-a908-264fbccab645\quality.json
MYWAY_ASSET_BUILD_COMPLETE:C:\Users\willc\projects\MyWay\v1\public\sandbox-assets\myway\blender-python-builder\f9a23309-c88b-4056-a908-264fbccab645\native_vintage_camera_cloud_proof.glb
Blender 5.1.2 (hash ec6e62d40fa9 built 2026-05-19 01:37:34)

Blender quit
