MYWAY_PROGRESS:building native vintage camera
MYWAY_PROGRESS:native vintage camera geometry complete
Info: Saved as "native_vintage_camera_cloud_proof.blend"
INFO Draco mesh compression is available, use library at C:\Program Files\Blender Foundation\Blender 5.1\5.1\scripts\addons_core\io_scene_gltf2\extern_draco.dll
15:54:10 | INFO: Starting glTF 2.0 export
15:54:10 | INFO: Extracting primitive: Cube.011
15:54:12 | WARNING: More than one shader node tex image used for a texture. The resulting glTF sampler will behave like the first shader node tex image.
15:54:12 | INFO: Primitives created: 1
15:54:12 | INFO: Extracting primitive: Cube.003
15:54:13 | INFO: Primitives created: 1
15:54:13 | INFO: Extracting primitive: Cube
15:54:14 | WARNING: More than one shader node tex image used for a texture. The resulting glTF sampler will behave like the first shader node tex image.
15:54:14 | INFO: Primitives created: 1
15:54:14 | INFO: Extracting primitive: Cube.012
15:54:15 | WARNING: More than one shader node tex image used for a texture. The resulting glTF sampler will behave like the first shader node tex image.
15:54:15 | INFO: Primitives created: 1
15:54:15 | INFO: Extracting primitive: Cylinder.002
15:54:17 | INFO: Primitives created: 1
15:54:17 | INFO: Extracting primitive: Cylinder.006
15:54:17 | INFO: Primitives created: 1
15:54:17 | INFO: Extracting primitive: Cylinder.005
15:54:17 | INFO: Primitives created: 1
15:54:17 | INFO: Extracting primitive: Cube.002
15:54:17 | INFO: Primitives created: 1
15:54:17 | INFO: Extracting primitive: Cylinder.004
15:54:17 | INFO: Primitives created: 1
15:54:17 | INFO: Extracting primitive: Cube.010
15:54:17 | INFO: Primitives created: 1
15:54:17 | INFO: Extracting primitive: Cylinder.007
15:54:17 | INFO: Primitives created: 1
15:54:17 | INFO: Extracting primitive: Cylinder.001
15:54:17 | INFO: Primitives created: 1
15:54:17 | INFO: Extracting primitive: Cylinder.003
15:54:17 | INFO: Primitives created: 1
15:54:17 | INFO: Extracting primitive: Torus
15:54:17 | INFO: Primitives created: 1
15:54:17 | INFO: Extracting primitive: Torus.001
15:54:17 | INFO: Primitives created: 1
15:54:17 | INFO: Extracting primitive: Torus.002
15:54:17 | INFO: Primitives created: 1
15:54:17 | INFO: Extracting primitive: Cylinder
15:54:17 | INFO: Primitives created: 1
15:54:17 | INFO: Extracting primitive: Cube.008
15:54:17 | INFO: Primitives created: 1
15:54:17 | INFO: Extracting primitive: Cube.009
15:54:17 | INFO: Primitives created: 1
15:54:17 | INFO: Extracting primitive: Cylinder.008
15:54:17 | INFO: Primitives created: 1
15:54:17 | INFO: Extracting primitive: Cylinder.009
15:54:17 | INFO: Primitives created: 1
15:54:17 | INFO: Extracting primitive: Sphere
15:54:17 | INFO: Primitives created: 1
15:54:17 | INFO: Extracting primitive: Sphere.001
15:54:17 | INFO: Primitives created: 1
15:54:17 | INFO: Extracting primitive: Sphere.002
15:54:17 | INFO: Primitives created: 1
15:54:17 | INFO: Extracting primitive: Sphere.003
15:54:17 | INFO: Primitives created: 1
15:54:17 | INFO: Extracting primitive: Cylinder.013
15:54:17 | INFO: Primitives created: 1
15:54:17 | INFO: Extracting primitive: Cylinder.012
15:54:17 | INFO: Primitives created: 1
15:54:17 | INFO: Extracting primitive: Cylinder.010
15:54:17 | INFO: Primitives created: 1
15:54:17 | INFO: Extracting primitive: Cylinder.011
15:54:17 | INFO: Primitives created: 1
15:54:17 | INFO: Extracting primitive: Cube.004
15:54:17 | INFO: Primitives created: 1
15:54:17 | INFO: Extracting primitive: Cube.005
15:54:17 | INFO: Primitives created: 1
15:54:17 | INFO: Extracting primitive: Torus.003
15:54:17 | INFO: Primitives created: 1
15:54:17 | INFO: Extracting primitive: Torus.004
15:54:17 | INFO: Primitives created: 1
15:54:17 | INFO: Extracting primitive: Cube.001
15:54:17 | INFO: Primitives created: 1
15:54:17 | INFO: Extracting primitive: Cylinder.014
15:54:17 | INFO: Primitives created: 1
15:54:17 | INFO: Extracting primitive: Cube.006
15:54:17 | INFO: Primitives created: 1
15:54:17 | INFO: Extracting primitive: Cube.007
15:54:17 | INFO: Primitives created: 1
15:54:17 | INFO: Finished glTF 2.0 export in 7.205848455429077 s
00:41.422  render           | Saved: 'C:\Users\willc\projects\MyWay\v1\public\sandbox-assets\myway\blender-python-builder\57b280fd-efa6-4b9a-a0ba-aa37e134171a\preview.png'
00:44.985  render           | Saved: 'C:\Users\willc\projects\MyWay\v1\public\sandbox-assets\myway\blender-python-builder\57b280fd-efa6-4b9a-a0ba-aa37e134171a\preview_front.png'
00:46.953  render           | Saved: 'C:\Users\willc\projects\MyWay\v1\public\sandbox-assets\myway\blender-python-builder\57b280fd-efa6-4b9a-a0ba-aa37e134171a\preview_right.png'
00:48.406  render           | Saved: 'C:\Users\willc\projects\MyWay\v1\public\sandbox-assets\myway\blender-python-builder\57b280fd-efa6-4b9a-a0ba-aa37e134171a\preview_back.png'
00:50.297  render           | Saved: 'C:\Users\willc\projects\MyWay\v1\public\sandbox-assets\myway\blender-python-builder\57b280fd-efa6-4b9a-a0ba-aa37e134171a\preview_left.png'
00:51.750  render           | Saved: 'C:\Users\willc\projects\MyWay\v1\public\sandbox-assets\myway\blender-python-builder\57b280fd-efa6-4b9a-a0ba-aa37e134171a\preview_top.png'
00:53.094  render           | Saved: 'C:\Users\willc\projects\MyWay\v1\public\sandbox-assets\myway\blender-python-builder\57b280fd-efa6-4b9a-a0ba-aa37e134171a\preview_clay.png'
00:54.406  render           | Saved: 'C:\Users\willc\projects\MyWay\v1\public\sandbox-assets\myway\blender-python-builder\57b280fd-efa6-4b9a-a0ba-aa37e134171a\preview_material_id.png'
00:55.656  render           | Saved: 'C:\Users\willc\projects\MyWay\v1\public\sandbox-assets\myway\blender-python-builder\57b280fd-efa6-4b9a-a0ba-aa37e134171a\preview_normals.png'
00:57.297  render           | Saved: 'C:\Users\willc\projects\MyWay\v1\public\sandbox-assets\myway\blender-python-builder\57b280fd-efa6-4b9a-a0ba-aa37e134171a\preview_wireframe.png'
00:58.766  render           | Saved: 'C:\Users\willc\projects\MyWay\v1\public\sandbox-assets\myway\blender-python-builder\57b280fd-efa6-4b9a-a0ba-aa37e134171a\preview_dimensions.png'

MYWAY_PREVIEW_COMPLETE:C:\Users\willc\projects\MyWay\v1\public\sandbox-assets\myway\blender-python-builder\57b280fd-efa6-4b9a-a0ba-aa37e134171a\preview.png
MYWAY_PREVIEW_COMPLETE:C:\Users\willc\projects\MyWay\v1\public\sandbox-assets\myway\blender-python-builder\57b280fd-efa6-4b9a-a0ba-aa37e134171a\preview_front.png
MYWAY_PREVIEW_COMPLETE:C:\Users\willc\projects\MyWay\v1\public\sandbox-assets\myway\blender-python-builder\57b280fd-efa6-4b9a-a0ba-aa37e134171a\preview_right.png
MYWAY_PREVIEW_COMPLETE:C:\Users\willc\projects\MyWay\v1\public\sandbox-assets\myway\blender-python-builder\57b280fd-efa6-4b9a-a0ba-aa37e134171a\preview_back.png
MYWAY_PREVIEW_COMPLETE:C:\Users\willc\projects\MyWay\v1\public\sandbox-assets\myway\blender-python-builder\57b280fd-efa6-4b9a-a0ba-aa37e134171a\preview_left.png
MYWAY_PREVIEW_COMPLETE:C:\Users\willc\projects\MyWay\v1\public\sandbox-assets\myway\blender-python-builder\57b280fd-efa6-4b9a-a0ba-aa37e134171a\preview_top.png
MYWAY_PREVIEW_COMPLETE:C:\Users\willc\projects\MyWay\v1\public\sandbox-assets\myway\blender-python-builder\57b280fd-efa6-4b9a-a0ba-aa37e134171a\preview_clay.png
MYWAY_PREVIEW_COMPLETE:C:\Users\willc\projects\MyWay\v1\public\sandbox-assets\myway\blender-python-builder\57b280fd-efa6-4b9a-a0ba-aa37e134171a\preview_material_id.png
MYWAY_PREVIEW_COMPLETE:C:\Users\willc\projects\MyWay\v1\public\sandbox-assets\myway\blender-python-builder\57b280fd-efa6-4b9a-a0ba-aa37e134171a\preview_normals.png
MYWAY_PREVIEW_COMPLETE:C:\Users\willc\projects\MyWay\v1\public\sandbox-assets\myway\blender-python-builder\57b280fd-efa6-4b9a-a0ba-aa37e134171a\preview_wireframe.png
MYWAY_PREVIEW_COMPLETE:C:\Users\willc\projects\MyWay\v1\public\sandbox-assets\myway\blender-python-builder\57b280fd-efa6-4b9a-a0ba-aa37e134171a\preview_dimensions.png
MYWAY_VALIDATION_COMPLETE:C:\Users\willc\projects\MyWay\v1\public\sandbox-assets\myway\blender-python-builder\57b280fd-efa6-4b9a-a0ba-aa37e134171a\validation.json
MYWAY_QUALITY_COMPLETE:C:\Users\willc\projects\MyWay\v1\public\sandbox-assets\myway\blender-python-builder\57b280fd-efa6-4b9a-a0ba-aa37e134171a\quality.json
MYWAY_ASSET_BUILD_COMPLETE:C:\Users\willc\projects\MyWay\v1\public\sandbox-assets\myway\blender-python-builder\57b280fd-efa6-4b9a-a0ba-aa37e134171a\native_vintage_camera_cloud_proof.glb
Blender 5.1.2 (hash ec6e62d40fa9 built 2026-05-19 01:37:34)

Blender quit
